Archive member included to satisfy reference by file (symbol)

c:/st/stm32cubeide_1.8.0/stm32cubeide/plugins/com.st.stm32cube.ide.mcu.externaltools.gnu-tools-for-stm32.10.3-2021.10.win32_1.0.200.202301161003/tools/bin/../lib/gcc/arm-none-eabi/10.3.1/../../../../arm-none-eabi/lib/thumb/v7-m/nofp\libc_nano.a(lib_a-errno.o)
                              ./Core/Src/syscalls.o (__errno)
c:/st/stm32cubeide_1.8.0/stm32cubeide/plugins/com.st.stm32cube.ide.mcu.externaltools.gnu-tools-for-stm32.10.3-2021.10.win32_1.0.200.202301161003/tools/bin/../lib/gcc/arm-none-eabi/10.3.1/../../../../arm-none-eabi/lib/thumb/v7-m/nofp\libc_nano.a(lib_a-exit.o)
                              c:/st/stm32cubeide_1.8.0/stm32cubeide/plugins/com.st.stm32cube.ide.mcu.externaltools.gnu-tools-for-stm32.10.3-2021.10.win32_1.0.200.202301161003/tools/bin/../lib/gcc/arm-none-eabi/10.3.1/../../../../arm-none-eabi/lib/thumb/v7-m/nofp/crt0.o (exit)
c:/st/stm32cubeide_1.8.0/stm32cubeide/plugins/com.st.stm32cube.ide.mcu.externaltools.gnu-tools-for-stm32.10.3-2021.10.win32_1.0.200.202301161003/tools/bin/../lib/gcc/arm-none-eabi/10.3.1/../../../../arm-none-eabi/lib/thumb/v7-m/nofp\libc_nano.a(lib_a-impure.o)
                              c:/st/stm32cubeide_1.8.0/stm32cubeide/plugins/com.st.stm32cube.ide.mcu.externaltools.gnu-tools-for-stm32.10.3-2021.10.win32_1.0.200.202301161003/tools/bin/../lib/gcc/arm-none-eabi/10.3.1/../../../../arm-none-eabi/lib/thumb/v7-m/nofp\libc_nano.a(lib_a-exit.o) (_global_impure_ptr)
c:/st/stm32cubeide_1.8.0/stm32cubeide/plugins/com.st.stm32cube.ide.mcu.externaltools.gnu-tools-for-stm32.10.3-2021.10.win32_1.0.200.202301161003/tools/bin/../lib/gcc/arm-none-eabi/10.3.1/../../../../arm-none-eabi/lib/thumb/v7-m/nofp\libc_nano.a(lib_a-init.o)
                              c:/st/stm32cubeide_1.8.0/stm32cubeide/plugins/com.st.stm32cube.ide.mcu.externaltools.gnu-tools-for-stm32.10.3-2021.10.win32_1.0.200.202301161003/tools/bin/../lib/gcc/arm-none-eabi/10.3.1/../../../../arm-none-eabi/lib/thumb/v7-m/nofp/crt0.o (__libc_init_array)
c:/st/stm32cubeide_1.8.0/stm32cubeide/plugins/com.st.stm32cube.ide.mcu.externaltools.gnu-tools-for-stm32.10.3-2021.10.win32_1.0.200.202301161003/tools/bin/../lib/gcc/arm-none-eabi/10.3.1/../../../../arm-none-eabi/lib/thumb/v7-m/nofp\libc_nano.a(lib_a-memset.o)
                              c:/st/stm32cubeide_1.8.0/stm32cubeide/plugins/com.st.stm32cube.ide.mcu.externaltools.gnu-tools-for-stm32.10.3-2021.10.win32_1.0.200.202301161003/tools/bin/../lib/gcc/arm-none-eabi/10.3.1/../../../../arm-none-eabi/lib/thumb/v7-m/nofp/crt0.o (memset)
c:/st/stm32cubeide_1.8.0/stm32cubeide/plugins/com.st.stm32cube.ide.mcu.externaltools.gnu-tools-for-stm32.10.3-2021.10.win32_1.0.200.202301161003/tools/bin/../lib/gcc/arm-none-eabi/10.3.1/../../../../arm-none-eabi/lib/thumb/v7-m/nofp\libc_nano.a(lib_a-sprintf.o)
                              ./Core/Src/main.o (sprintf)
c:/st/stm32cubeide_1.8.0/stm32cubeide/plugins/com.st.stm32cube.ide.mcu.externaltools.gnu-tools-for-stm32.10.3-2021.10.win32_1.0.200.202301161003/tools/bin/../lib/gcc/arm-none-eabi/10.3.1/../../../../arm-none-eabi/lib/thumb/v7-m/nofp\libc_nano.a(lib_a-sscanf.o)
                              ./Core/Src/main.o (sscanf)
c:/st/stm32cubeide_1.8.0/stm32cubeide/plugins/com.st.stm32cube.ide.mcu.externaltools.gnu-tools-for-stm32.10.3-2021.10.win32_1.0.200.202301161003/tools/bin/../lib/gcc/arm-none-eabi/10.3.1/../../../../arm-none-eabi/lib/thumb/v7-m/nofp\libc_nano.a(lib_a-stdio.o)
                              c:/st/stm32cubeide_1.8.0/stm32cubeide/plugins/com.st.stm32cube.ide.mcu.externaltools.gnu-tools-for-stm32.10.3-2021.10.win32_1.0.200.202301161003/tools/bin/../lib/gcc/arm-none-eabi/10.3.1/../../../../arm-none-eabi/lib/thumb/v7-m/nofp\libc_nano.a(lib_a-sscanf.o) (__seofread)
c:/st/stm32cubeide_1.8.0/stm32cubeide/plugins/com.st.stm32cube.ide.mcu.externaltools.gnu-tools-for-stm32.10.3-2021.10.win32_1.0.200.202301161003/tools/bin/../lib/gcc/arm-none-eabi/10.3.1/../../../../arm-none-eabi/lib/thumb/v7-m/nofp\libc_nano.a(lib_a-strcmp.o)
                              ./Core/Src/main.o (strcmp)
c:/st/stm32cubeide_1.8.0/stm32cubeide/plugins/com.st.stm32cube.ide.mcu.externaltools.gnu-tools-for-stm32.10.3-2021.10.win32_1.0.200.202301161003/tools/bin/../lib/gcc/arm-none-eabi/10.3.1/../../../../arm-none-eabi/lib/thumb/v7-m/nofp\libc_nano.a(lib_a-strlen.o)
                              c:/st/stm32cubeide_1.8.0/stm32cubeide/plugins/com.st.stm32cube.ide.mcu.externaltools.gnu-tools-for-stm32.10.3-2021.10.win32_1.0.200.202301161003/tools/bin/../lib/gcc/arm-none-eabi/10.3.1/../../../../arm-none-eabi/lib/thumb/v7-m/nofp\libc_nano.a(lib_a-sscanf.o) (strlen)
c:/st/stm32cubeide_1.8.0/stm32cubeide/plugins/com.st.stm32cube.ide.mcu.externaltools.gnu-tools-for-stm32.10.3-2021.10.win32_1.0.200.202301161003/tools/bin/../lib/gcc/arm-none-eabi/10.3.1/../../../../arm-none-eabi/lib/thumb/v7-m/nofp\libc_nano.a(lib_a-writer.o)
[...]
Memory Configuration

Name             Origin             Length             Attributes
RAM              0x0000000020000000 0x0000000000005000 xrw
FLASH            0x0000000008000000 0x0000000000010000 xr
*default*        0x0000000000000000 0xffffffffffffffff

Linker script and memory map

LOAD c:/st/stm32cubeide_1.8.0/stm32cubeide/plugins/com.st.stm32cube.ide.mcu.externaltools.gnu-tools-for-stm32.10.3-2021.10.win32_1.0.200.202301161003/tools/bin/../lib/gcc/arm-none-eabi/10.3.1/thumb/v7-m/nofp/crti.o
LOAD c:/st/stm32cubeide_1.8.0/stm32cubeide/plugins/com.st.stm32cube.ide.mcu.externaltools.gnu-tools-for-stm32.10.3-2021.10.win32_1.0.200.202301161003/tools/bin/../lib/gcc/arm-none-eabi/10.3.1/thumb/v7-m/nofp/crtbegin.o
LOAD c:/st/stm32cubeide_1.8.0/stm32cubeide/plugins/com.st.stm32cube.ide.mcu.externaltools.gnu-tools-for-stm32.10.3-2021.10.win32_1.0.200.202301161003/tools/bin/../lib/gcc/arm-none-eabi/10.3.1/../../../../arm-none-eabi/lib/thumb/v7-m/nofp/crt0.o
LOAD ./Core/Src/fatfs_sd.o
LOAD ./Core/Src/main.o
LOAD ./Core/Src/stm32f1xx_hal_msp.o
LOAD ./Core/Src/stm32f1xx_it.o
LOAD ./Core/Src/syscalls.o
LOAD ./Core/Src/sysmem.o
LOAD ./Core/Src/system_stm32f1xx.o
LOAD ./Core/Startup/startup_stm32f103c8tx.o
LOAD ./Drivers/STM32F1xx_HAL_Driver/Src/stm32f1xx_hal.o
LOAD ./Drivers/STM32F1xx_HAL_Driver/Src/stm32f1xx_hal_adc.o
LOAD ./Drivers/STM32F1xx_HAL_Driver/Src/stm32f1xx_hal_adc_ex.o
LOAD ./Drivers/STM32F1xx_HAL_Driver/Src/stm32f1xx_hal_cortex.o
LOAD ./Drivers/STM32F1xx_HAL_Driver/Src/stm32f1xx_hal_dma.o
LOAD ./Drivers/STM32F1xx_HAL_Driver/Src/stm32f1xx_hal_exti.o
LOAD ./Drivers/STM32F1xx_HAL_Driver/Src/stm32f1xx_hal_flash.o
LOAD ./Drivers/STM32F1xx_HAL_Driver/Src/stm32f1xx_hal_flash_ex.o
LOAD ./Drivers/STM32F1xx_HAL_Driver/Src/stm32f1xx_hal_gpio.o
LOAD ./Drivers/STM32F1xx_HAL_Driver/Src/stm32f1xx_hal_gpio_ex.o
LOAD ./Drivers/STM32F1xx_HAL_Driver/Src/stm32f1xx_hal_i2c.o
LOAD ./Drivers/STM32F1xx_HAL_Driver/Src/stm32f1xx_hal_pcd.o
LOAD ./Drivers/STM32F1xx_HAL_Driver/Src/stm32f1xx_hal_pcd_ex.o
LOAD ./Drivers/STM32F1xx_HAL_Driver/Src/stm32f1xx_hal_pwr.o
LOAD ./Drivers/STM32F1xx_HAL_Driver/Src/stm32f1xx_hal_rcc.o
LOAD ./Drivers/STM32F1xx_HAL_Driver/Src/stm32f1xx_hal_rcc_ex.o
LOAD ./Drivers/STM32F1xx_HAL_Driver/Src/stm32f1xx_hal_rtc.o
LOAD ./Drivers/STM32F1xx_HAL_Driver/Src/stm32f1xx_hal_rtc_ex.o
LOAD ./Drivers/STM32F1xx_HAL_Driver/Src/stm32f1xx_hal_spi.o
LOAD ./Drivers/STM32F1xx_HAL_Driver/Src/stm32f1xx_hal_tim.o
LOAD ./Drivers/STM32F1xx_HAL_Driver/Src/stm32f1xx_hal_tim_ex.o
LOAD ./Drivers/STM32F1xx_HAL_Driver/Src/stm32f1xx_ll_usb.o
LOAD ./FATFS/App/fatfs.o
LOAD ./FATFS/Target/user_diskio.o
LOAD ./Middlewares/ST/STM32_USB_Device_Library/Class/CDC/Src/usbd_cdc.o
LOAD ./Middlewares/ST/STM32_USB_Device_Library/Core/Src/usbd_core.o
LOAD ./Middlewares/ST/STM32_USB_Device_Library/Core/Src/usbd_ctlreq.o
LOAD ./Middlewares/ST/STM32_USB_Device_Library/Core/Src/usbd_ioreq.o
LOAD ./Middlewares/Third_Party/FatFs/src/diskio.o
LOAD ./Middlewares/Third_Party/FatFs/src/ff.o
LOAD ./Middlewares/Third_Party/FatFs/src/ff_gen_drv.o
LOAD ./Middlewares/Third_Party/FatFs/src/option/ccsbcs.o
LOAD ./Middlewares/Third_Party/FatFs/src/option/syscall.o
LOAD ./USB_DEVICE/App/usb_device.o
LOAD ./USB_DEVICE/App/usbd_cdc_if.o
LOAD ./USB_DEVICE/App/usbd_desc.o
LOAD ./USB_DEVICE/Target/usbd_conf.o
START GROUP
LOAD c:/st/stm32cubeide_1.8.0/stm32cubeide/plugins/com.st.stm32cube.ide.mcu.externaltools.gnu-tools-for-stm32.10.3-2021.10.win32_1.0.200.202301161003/tools/bin/../lib/gcc/arm-none-eabi/10.3.1/../../../../arm-none-eabi/lib/thumb/v7-m/nofp\libc_nano.a
LOAD c:/st/stm32cubeide_1.8.0/stm32cubeide/plugins/com.st.stm32cube.ide.mcu.externaltools.gnu-tools-for-stm32.10.3-2021.10.win32_1.0.200.202301161003/tools/bin/../lib/gcc/arm-none-eabi/10.3.1/../../../../arm-none-eabi/lib/thumb/v7-m/nofp\libm.a
END GROUP
START GROUP
LOAD c:/st/stm32cubeide_1.8.0/stm32cubeide/plugins/com.st.stm32cube.ide.mcu.externaltools.gnu-tools-for-stm32.10.3-2021.10.win32_1.0.200.202301161003/tools/bin/../lib/gcc/arm-none-eabi/10.3.1/thumb/v7-m/nofp\libgcc.a
LOAD c:/st/stm32cubeide_1.8.0/stm32cubeide/plugins/com.st.stm32cube.ide.mcu.externaltools.gnu-tools-for-stm32.10.3-2021.10.win32_1.0.200.202301161003/tools/bin/../lib/gcc/arm-none-eabi/10.3.1/../../../../arm-none-eabi/lib/thumb/v7-m/nofp\libc_nano.a
END GROUP
START GROUP
LOAD c:/st/stm32cubeide_1.8.0/stm32cubeide/plugins/com.st.stm32cube.ide.mcu.externaltools.gnu-tools-for-stm32.10.3-2021.10.win32_1.0.200.202301161003/tools/bin/../lib/gcc/arm-none-eabi/10.3.1/thumb/v7-m/nofp\libgcc.a
LOAD c:/st/stm32cubeide_1.8.0/stm32cubeide/plugins/com.st.stm32cube.ide.mcu.externaltools.gnu-tools-for-stm32.10.3-2021.10.win32_1.0.200.202301161003/tools/bin/../lib/gcc/arm-none-eabi/10.3.1/../../../../arm-none-eabi/lib/thumb/v7-m/nofp\libc_nano.a
LOAD c:/st/stm32cubeide_1.8.0/stm32cubeide/plugins/com.st.stm32cube.ide.mcu.externaltools.gnu-tools-for-stm32.10.3-2021.10.win32_1.0.200.202301161003/tools/bin/../lib/gcc/arm-none-eabi/10.3.1/../../../../arm-none-eabi/lib/thumb/v7-m/nofp\libnosys.a
END GROUP
START GROUP
LOAD c:/st/stm32cubeide_1.8.0/stm32cubeide/plugins/com.st.stm32cube.ide.mcu.externaltools.gnu-tools-for-stm32.10.3-2021.10.win32_1.0.200.202301161003/tools/bin/../lib/gcc/arm-none-eabi/10.3.1/thumb/v7-m/nofp\libgcc.a
LOAD c:/st/stm32cubeide_1.8.0/stm32cubeide/plugins/com.st.stm32cube.ide.mcu.externaltools.gnu-tools-for-stm32.10.3-2021.10.win32_1.0.200.202301161003/tools/bin/../lib/gcc/arm-none-eabi/10.3.1/../../../../arm-none-eabi/lib/thumb/v7-m/nofp\libc_nano.a
LOAD c:/st/stm32cubeide_1.8.0/stm32cubeide/plugins/com.st.stm32cube.ide.mcu.externaltools.gnu-tools-for-stm32.10.3-2021.10.win32_1.0.200.202301161003/tools/bin/../lib/gcc/arm-none-eabi/10.3.1/../../../../arm-none-eabi/lib/thumb/v7-m/nofp\libnosys.a
END GROUP
LOAD c:/st/stm32cubeide_1.8.0/stm32cubeide/plugins/com.st.stm32cube.ide.mcu.externaltools.gnu-tools-for-stm32.10.3-2021.10.win32_1.0.200.202301161003/tools/bin/../lib/gcc/arm-none-eabi/10.3.1/thumb/v7-m/nofp/crtend.o
LOAD c:/st/stm32cubeide_1.8.0/stm32cubeide/plugins/com.st.stm32cube.ide.mcu.externaltools.gnu-tools-for-stm32.10.3-2021.10.win32_1.0.200.202301161003/tools/bin/../lib/gcc/arm-none-eabi/10.3.1/thumb/v7-m/nofp/crtn.o
                0x0000000020005000                _estack = (ORIGIN (RAM) + LENGTH (RAM))
                0x0000000000000200                _Min_Heap_Size = 0x200
                0x0000000000000400                _Min_Stack_Size = 0x400

.isr_vector     0x0000000008000000      0x10c
                0x0000000008000000                . = ALIGN (0x4)
 *(.isr_vector)
 .isr_vector    0x0000000008000000      0x10c ./Core/Startup/startup_stm32f103c8tx.o
                0x0000000008000000                g_pfnVectors
                0x000000000800010c                . = ALIGN (0x4)

.text           0x000000000800010c     0x9b28
                0x000000000800010c                . = ALIGN (0x4)
 *(.text)
 .text          0x000000000800010c       0x40 c:/st/stm32cubeide_1.8.0/stm32cubeide/plugins/com.st.stm32cube.ide.mcu.externaltools.gnu-tools-for-stm32.10.3-2021.10.win32_1.0.200.202301161003/tools/bin/../lib/gcc/arm-none-eabi/10.3.1/thumb/v7-m/nofp/crtbegin.o
 .text          0x000000000800014c       0x14 c:/st/stm32cubeide_1.8.0/stm32cubeide/plugins/com.st.stm32cube.ide.mcu.externaltools.gnu-tools-for-stm32.10.3-2021.10.win32_1.0.200.202301161003/tools/bin/../lib/gcc/arm-none-eabi/10.3.1/../../../../arm-none-eabi/lib/thumb/v7-m/nofp\libc_nano.a(lib_a-strcmp.o)
                0x000000000800014c                strcmp
 .text          0x0000000008000160       0x10 c:/st/stm32cubeide_1.8.0/stm32cubeide/plugins/com.st.stm32cube.ide.mcu.externaltools.gnu-tools-for-stm32.10.3-2021.10.win32_1.0.200.202301161003/tools/bin/../lib/gcc/arm-none-eabi/10.3.1/../../../../arm-none-eabi/lib/thumb/v7-m/nofp\libc_nano.a(lib_a-strlen.o)
                0x0000000008000160                strlen
 *(.text*)
 .text.SD_PowerOn
                0x0000000008000170       0xf8 ./Core/Src/fatfs_sd.o
 .text.SD_RxDataBlock
                0x0000000008000268       0xdc ./Core/Src/fatfs_sd.o
 .text.SD_TxDataBlock.part.0
                0x0000000008000344      0x110 ./Core/Src/fatfs_sd.o
 .text.SD_SendCmd
                0x0000000008000454      0x17c ./Core/Src/fatfs_sd.o
 .text.SD_disk_initialize
                0x00000000080005d0      0x214 ./Core/Src/fatfs_sd.o
                0x00000000080005d0                SD_disk_initialize
 .text.SD_disk_status
                0x00000000080007e4       0x14 ./Core/Src/fatfs_sd.o
                0x00000000080007e4                SD_disk_status
 .text.SD_disk_read
                0x00000000080007f8       0xe4 ./Core/Src/fatfs_sd.o
                0x00000000080007f8                SD_disk_read
 .text.SD_disk_write
                0x00000000080008dc      0x234 ./Core/Src/fatfs_sd.o
                0x00000000080008dc                SD_disk_write
 .text.SD_disk_ioctl
                0x0000000008000b10      0x250 ./Core/Src/fatfs_sd.o
                0x0000000008000b10                SD_disk_ioctl
 .text.HAL_GPIO_EXTI_Callback
                0x0000000008000d60       0x38 ./Core/Src/main.o
                0x0000000008000d60                HAL_GPIO_EXTI_Callback
 .text.SystemClock_Config
                0x0000000008000d98       0x8c ./Core/Src/main.o
                0x0000000008000d98                SystemClock_Config
 .text.startup.main
                0x0000000008000e24      0x7ec ./Core/Src/main.o
                0x0000000008000e24                main
 .text.Error_Handler
                0x0000000008001610        0x4 ./Core/Src/main.o
                0x0000000008001610                Error_Handler
 .text.HAL_MspInit
                0x0000000008001614       0x44 ./Core/Src/stm32f1xx_hal_msp.o
                0x0000000008001614                HAL_MspInit
 .text.HAL_ADC_MspInit
                0x0000000008001658       0xa8 ./Core/Src/stm32f1xx_hal_msp.o
                0x0000000008001658                HAL_ADC_MspInit
 .text.HAL_I2C_MspInit
                0x0000000008001700       0x68 ./Core/Src/stm32f1xx_hal_msp.o
                0x0000000008001700                HAL_I2C_MspInit
 .text.HAL_RTC_MspInit
                0x0000000008001768       0x40 ./Core/Src/stm32f1xx_hal_msp.o
                0x0000000008001768                HAL_RTC_MspInit
 .text.HAL_SPI_MspInit
                0x00000000080017a8       0x84 ./Core/Src/stm32f1xx_hal_msp.o
                0x00000000080017a8                HAL_SPI_MspInit
 .text.HAL_TIM_Base_MspInit
                0x000000000800182c       0x2c ./Core/Src/stm32f1xx_hal_msp.o
                0x000000000800182c                HAL_TIM_Base_MspInit
 .text.NMI_Handler
                0x0000000008001858        0x4 ./Core/Src/stm32f1xx_it.o
                0x0000000008001858                NMI_Handler
 .text.HardFault_Handler
                0x000000000800185c        0x4 ./Core/Src/stm32f1xx_it.o
                0x000000000800185c                HardFault_Handler
 .text.MemManage_Handler
                0x0000000008001860        0x4 ./Core/Src/stm32f1xx_it.o
                0x0000000008001860                MemManage_Handler
 .text.BusFault_Handler
                0x0000000008001864        0x4 ./Core/Src/stm32f1xx_it.o
                0x0000000008001864                BusFault_Handler
 .text.UsageFault_Handler
                0x0000000008001868        0x4 ./Core/Src/stm32f1xx_it.o
                0x0000000008001868                UsageFault_Handler
 .text.SVC_Handler
                0x000000000800186c        0x4 ./Core/Src/stm32f1xx_it.o
                0x000000000800186c                SVC_Handler
 .text.DebugMon_Handler
                0x0000000008001870        0x4 ./Core/Src/stm32f1xx_it.o
                0x0000000008001870                DebugMon_Handler
 .text.PendSV_Handler
                0x0000000008001874        0x4 ./Core/Src/stm32f1xx_it.o
                0x0000000008001874                PendSV_Handler
 .text.SysTick_Handler
                0x0000000008001878       0x2c ./Core/Src/stm32f1xx_it.o
                0x0000000008001878                SysTick_Handler
 .text.USB_LP_CAN1_RX0_IRQHandler
                0x00000000080018a4        0xc ./Core/Src/stm32f1xx_it.o
                0x00000000080018a4                USB_LP_CAN1_RX0_IRQHandler
 .text.EXTI9_5_IRQHandler
                0x00000000080018b0       0x18 ./Core/Src/stm32f1xx_it.o
                0x00000000080018b0                EXTI9_5_IRQHandler
 .text._sbrk    0x00000000080018c8       0x48 ./Core/Src/sysmem.o
                0x00000000080018c8                _sbrk
 .text.SystemInit
                0x0000000008001910        0x4 ./Core/Src/system_stm32f1xx.o
                0x0000000008001910                SystemInit
 .text.Reset_Handler
                0x0000000008001914       0x48 ./Core/Startup/startup_stm32f103c8tx.o
                0x0000000008001914                Reset_Handler
 .text.Default_Handler
                0x000000000800195c        0x2 ./Core/Startup/startup_stm32f103c8tx.o
                0x000000000800195c                RTC_Alarm_IRQHandler
                0x000000000800195c                EXTI2_IRQHandler
                0x000000000800195c                TIM1_CC_IRQHandler
                0x000000000800195c                PVD_IRQHandler
                0x000000000800195c                EXTI3_IRQHandler
                0x000000000800195c                EXTI0_IRQHandler
                0x000000000800195c                I2C2_EV_IRQHandler
                0x000000000800195c                ADC1_2_IRQHandler
                0x000000000800195c                SPI1_IRQHandler
                0x000000000800195c                TAMPER_IRQHandler
                0x000000000800195c                DMA1_Channel4_IRQHandler
                0x000000000800195c                USART3_IRQHandler
                0x000000000800195c                RTC_IRQHandler
                0x000000000800195c                DMA1_Channel7_IRQHandler
                0x000000000800195c                CAN1_RX1_IRQHandler
                0x000000000800195c                TIM4_IRQHandler
                0x000000000800195c                I2C1_EV_IRQHandler
                0x000000000800195c                DMA1_Channel6_IRQHandler
                0x000000000800195c                TIM3_IRQHandler
                0x000000000800195c                RCC_IRQHandler
                0x000000000800195c                TIM1_TRG_COM_IRQHandler
                0x000000000800195c                DMA1_Channel1_IRQHandler
                0x000000000800195c                Default_Handler
                0x000000000800195c                EXTI15_10_IRQHandler
                0x000000000800195c                SPI2_IRQHandler
                0x000000000800195c                DMA1_Channel5_IRQHandler
                0x000000000800195c                EXTI4_IRQHandler
                0x000000000800195c                USB_HP_CAN1_TX_IRQHandler
                0x000000000800195c                DMA1_Channel3_IRQHandler
                0x000000000800195c                TIM1_UP_IRQHandler
                0x000000000800195c                WWDG_IRQHandler
                0x000000000800195c                TIM2_IRQHandler
                0x000000000800195c                TIM1_BRK_IRQHandler
                0x000000000800195c                EXTI1_IRQHandler
                0x000000000800195c                USART2_IRQHandler
                0x000000000800195c                I2C2_ER_IRQHandler
                0x000000000800195c                DMA1_Channel2_IRQHandler
                0x000000000800195c                CAN1_SCE_IRQHandler
                0x000000000800195c                FLASH_IRQHandler
                0x000000000800195c                USART1_IRQHandler
                0x000000000800195c                I2C1_ER_IRQHandler
                0x000000000800195c                USBWakeUp_IRQHandler
 *fill*         0x000000000800195e        0x2 
 .text.HAL_InitTick
                0x0000000008001960       0x48 ./Drivers/STM32F1xx_HAL_Driver/Src/stm32f1xx_hal.o
                0x0000000008001960                HAL_InitTick
 .text.HAL_Init
                0x00000000080019a8       0x24 ./Drivers/STM32F1xx_HAL_Driver/Src/stm32f1xx_hal.o
                0x00000000080019a8                HAL_Init
 .text.HAL_IncTick
                0x00000000080019cc       0x18 ./Drivers/STM32F1xx_HAL_Driver/Src/stm32f1xx_hal.o
                0x00000000080019cc                HAL_IncTick
 .text.HAL_GetTick
                0x00000000080019e4        0xc ./Drivers/STM32F1xx_HAL_Driver/Src/stm32f1xx_hal.o
                0x00000000080019e4                HAL_GetTick
 .text.HAL_Delay
                0x00000000080019f0       0x24 ./Drivers/STM32F1xx_HAL_Driver/Src/stm32f1xx_hal.o
                0x00000000080019f0                HAL_Delay
 .text.HAL_ADC_PollForConversion
                0x0000000008001a14      0x164 ./Drivers/STM32F1xx_HAL_Driver/Src/stm32f1xx_hal_adc.o
                0x0000000008001a14                HAL_ADC_PollForConversion
 .text.HAL_ADC_GetValue
                0x0000000008001b78        0x8 ./Drivers/STM32F1xx_HAL_Driver/Src/stm32f1xx_hal_adc.o
                0x0000000008001b78                HAL_ADC_GetValue
 .text.HAL_ADC_ConfigChannel
                0x0000000008001b80      0x134 ./Drivers/STM32F1xx_HAL_Driver/Src/stm32f1xx_hal_adc.o
                0x0000000008001b80                HAL_ADC_ConfigChannel
 .text.ADC_Enable
                0x0000000008001cb4       0x88 ./Drivers/STM32F1xx_HAL_Driver/Src/stm32f1xx_hal_adc.o
                0x0000000008001cb4                ADC_Enable
 .text.HAL_ADC_Start
                0x0000000008001d3c       0xcc ./Drivers/STM32F1xx_HAL_Driver/Src/stm32f1xx_hal_adc.o
                0x0000000008001d3c                HAL_ADC_Start
 .text.ADC_ConversionStop_Disable
                0x0000000008001e08       0x54 ./Drivers/STM32F1xx_HAL_Driver/Src/stm32f1xx_hal_adc.o
                0x0000000008001e08                ADC_ConversionStop_Disable
 .text.HAL_ADC_Init
                0x0000000008001e5c      0x140 ./Drivers/STM32F1xx_HAL_Driver/Src/stm32f1xx_hal_adc.o
                0x0000000008001e5c                HAL_ADC_Init
 .text.HAL_ADCEx_Calibration_Start
                0x0000000008001f9c       0xf8 ./Drivers/STM32F1xx_HAL_Driver/Src/stm32f1xx_hal_adc_ex.o
                0x0000000008001f9c                HAL_ADCEx_Calibration_Start
 .text.HAL_NVIC_SetPriorityGrouping
                0x0000000008002094       0x24 ./Drivers/STM32F1xx_HAL_Driver/Src/stm32f1xx_hal_cortex.o
                0x0000000008002094                HAL_NVIC_SetPriorityGrouping
 .text.HAL_NVIC_SetPriority
                0x00000000080020b8       0x7c ./Drivers/STM32F1xx_HAL_Driver/Src/stm32f1xx_hal_cortex.o
                0x00000000080020b8                HAL_NVIC_SetPriority
 .text.HAL_NVIC_EnableIRQ
                0x0000000008002134       0x1c ./Drivers/STM32F1xx_HAL_Driver/Src/stm32f1xx_hal_cortex.o
                0x0000000008002134                HAL_NVIC_EnableIRQ
 .text.HAL_SYSTICK_Config
                0x0000000008002150       0x30 ./Drivers/STM32F1xx_HAL_Driver/Src/stm32f1xx_hal_cortex.o
                0x0000000008002150                HAL_SYSTICK_Config
 .text.HAL_GPIO_Init
                0x0000000008002180      0x21c ./Drivers/STM32F1xx_HAL_Driver/Src/stm32f1xx_hal_gpio.o
                0x0000000008002180                HAL_GPIO_Init
 .text.HAL_GPIO_WritePin
                0x000000000800239c        0x8 ./Drivers/STM32F1xx_HAL_Driver/Src/stm32f1xx_hal_gpio.o
                0x000000000800239c                HAL_GPIO_WritePin
 .text.HAL_GPIO_TogglePin
                0x00000000080023a4       0x14 ./Drivers/STM32F1xx_HAL_Driver/Src/stm32f1xx_hal_gpio.o
                0x00000000080023a4                HAL_GPIO_TogglePin
 .text.HAL_GPIO_EXTI_IRQHandler
                0x00000000080023b8       0x18 ./Drivers/STM32F1xx_HAL_Driver/Src/stm32f1xx_hal_gpio.o
                0x00000000080023b8                HAL_GPIO_EXTI_IRQHandler
 .text.HAL_I2C_Init
                0x00000000080023d0      0x190 ./Drivers/STM32F1xx_HAL_Driver/Src/stm32f1xx_hal_i2c.o
                0x00000000080023d0                HAL_I2C_Init
 .text.HAL_PCD_Init
                0x0000000008002560       0xfc ./Drivers/STM32F1xx_HAL_Driver/Src/stm32f1xx_hal_pcd.o
                0x0000000008002560                HAL_PCD_Init
 .text.HAL_PCD_Start
                0x000000000800265c       0x34 ./Drivers/STM32F1xx_HAL_Driver/Src/stm32f1xx_hal_pcd.o
                0x000000000800265c                HAL_PCD_Start
 .text.HAL_PCD_IRQHandler
                0x0000000008002690      0xaf4 ./Drivers/STM32F1xx_HAL_Driver/Src/stm32f1xx_hal_pcd.o
                0x0000000008002690                HAL_PCD_IRQHandler
 .text.HAL_PCD_SetAddress
                0x0000000008003184       0x2c ./Drivers/STM32F1xx_HAL_Driver/Src/stm32f1xx_hal_pcd.o
                0x0000000008003184                HAL_PCD_SetAddress
 .text.HAL_PCD_EP_Open
                0x00000000080031b0       0x7c ./Drivers/STM32F1xx_HAL_Driver/Src/stm32f1xx_hal_pcd.o
                0x00000000080031b0                HAL_PCD_EP_Open
 .text.HAL_PCD_EP_Close
                0x000000000800322c       0x64 ./Drivers/STM32F1xx_HAL_Driver/Src/stm32f1xx_hal_pcd.o
                0x000000000800322c                HAL_PCD_EP_Close
 .text.HAL_PCD_EP_Receive
                0x0000000008003290       0x30 ./Drivers/STM32F1xx_HAL_Driver/Src/stm32f1xx_hal_pcd.o
                0x0000000008003290                HAL_PCD_EP_Receive
 .text.HAL_PCD_EP_GetRxCount
                0x00000000080032c0       0x14 ./Drivers/STM32F1xx_HAL_Driver/Src/stm32f1xx_hal_pcd.o
                0x00000000080032c0                HAL_PCD_EP_GetRxCount
 .text.HAL_PCD_EP_Transmit
                0x00000000080032d4       0x48 ./Drivers/STM32F1xx_HAL_Driver/Src/stm32f1xx_hal_pcd.o
                0x00000000080032d4                HAL_PCD_EP_Transmit
 .text.HAL_PCD_EP_SetStall
                0x000000000800331c       0x7c ./Drivers/STM32F1xx_HAL_Driver/Src/stm32f1xx_hal_pcd.o
                0x000000000800331c                HAL_PCD_EP_SetStall
 .text.HAL_PCD_EP_ClrStall
                0x0000000008003398       0x78 ./Drivers/STM32F1xx_HAL_Driver/Src/stm32f1xx_hal_pcd.o
                0x0000000008003398                HAL_PCD_EP_ClrStall
 .text.HAL_PCDEx_PMAConfig
                0x0000000008003410       0x38 ./Drivers/STM32F1xx_HAL_Driver/Src/stm32f1xx_hal_pcd_ex.o
                0x0000000008003410                HAL_PCDEx_PMAConfig
 .text.HAL_PWR_EnableBkUpAccess
                0x0000000008003448        0xc ./Drivers/STM32F1xx_HAL_Driver/Src/stm32f1xx_hal_pwr.o
                0x0000000008003448                HAL_PWR_EnableBkUpAccess
 .text.HAL_RCC_OscConfig
                0x0000000008003454      0x3e0 ./Drivers/STM32F1xx_HAL_Driver/Src/stm32f1xx_hal_rcc.o
                0x0000000008003454                HAL_RCC_OscConfig
 .text.HAL_RCC_GetSysClockFreq
                0x0000000008003834       0x78 ./Drivers/STM32F1xx_HAL_Driver/Src/stm32f1xx_hal_rcc.o
                0x0000000008003834                HAL_RCC_GetSysClockFreq
 .text.HAL_RCC_ClockConfig
                0x00000000080038ac      0x140 ./Drivers/STM32F1xx_HAL_Driver/Src/stm32f1xx_hal_rcc.o
                0x00000000080038ac                HAL_RCC_ClockConfig
 .text.HAL_RCC_GetPCLK1Freq
                0x00000000080039ec       0x20 ./Drivers/STM32F1xx_HAL_Driver/Src/stm32f1xx_hal_rcc.o
                0x00000000080039ec                HAL_RCC_GetPCLK1Freq
 .text.HAL_RCC_GetPCLK2Freq
                0x0000000008003a0c       0x20 ./Drivers/STM32F1xx_HAL_Driver/Src/stm32f1xx_hal_rcc.o
                0x0000000008003a0c                HAL_RCC_GetPCLK2Freq
 .text.HAL_RCCEx_PeriphCLKConfig
                0x0000000008003a2c      0x104 ./Drivers/STM32F1xx_HAL_Driver/Src/stm32f1xx_hal_rcc_ex.o
                0x0000000008003a2c                HAL_RCCEx_PeriphCLKConfig
 .text.HAL_RCCEx_GetPeriphCLKFreq
                0x0000000008003b30       0xf4 ./Drivers/STM32F1xx_HAL_Driver/Src/stm32f1xx_hal_rcc_ex.o
                0x0000000008003b30                HAL_RCCEx_GetPeriphCLKFreq
 .text.RTC_WeekDayNum
                0x0000000008003c24       0x80 ./Drivers/STM32F1xx_HAL_Driver/Src/stm32f1xx_hal_rtc.o
 .text.RTC_WriteAlarmCounter
                0x0000000008003ca4       0x60 ./Drivers/STM32F1xx_HAL_Driver/Src/stm32f1xx_hal_rtc.o
 .text.HAL_RTC_GetTime.part.0
                0x0000000008003d04      0x2d4 ./Drivers/STM32F1xx_HAL_Driver/Src/stm32f1xx_hal_rtc.o
 .text.HAL_RTC_Init
                0x0000000008003fd8       0xf8 ./Drivers/STM32F1xx_HAL_Driver/Src/stm32f1xx_hal_rtc.o
                0x0000000008003fd8                HAL_RTC_Init
 .text.HAL_RTC_SetTime
                0x00000000080040d0      0x118 ./Drivers/STM32F1xx_HAL_Driver/Src/stm32f1xx_hal_rtc.o
                0x00000000080040d0                HAL_RTC_SetTime
 .text.HAL_RTC_GetTime
                0x00000000080041e8       0x20 ./Drivers/STM32F1xx_HAL_Driver/Src/stm32f1xx_hal_rtc.o
                0x00000000080041e8                HAL_RTC_GetTime
 .text.HAL_RTC_SetDate
                0x0000000008004208      0x150 ./Drivers/STM32F1xx_HAL_Driver/Src/stm32f1xx_hal_rtc.o
                0x0000000008004208                HAL_RTC_SetDate
 .text.HAL_RTC_GetDate
                0x0000000008004358       0xb8 ./Drivers/STM32F1xx_HAL_Driver/Src/stm32f1xx_hal_rtc.o
                0x0000000008004358                HAL_RTC_GetDate
 .text.SPI_WaitFlagStateUntilTimeout.constprop.0
                0x0000000008004410       0xb8 ./Drivers/STM32F1xx_HAL_Driver/Src/stm32f1xx_hal_spi.o
 .text.HAL_SPI_Init
                0x00000000080044c8       0xbc ./Drivers/STM32F1xx_HAL_Driver/Src/stm32f1xx_hal_spi.o
                0x00000000080044c8                HAL_SPI_Init
 .text.HAL_SPI_Transmit
                0x0000000008004584      0x194 ./Drivers/STM32F1xx_HAL_Driver/Src/stm32f1xx_hal_spi.o
                0x0000000008004584                HAL_SPI_Transmit
 .text.HAL_SPI_TransmitReceive
                0x0000000008004718      0x208 ./Drivers/STM32F1xx_HAL_Driver/Src/stm32f1xx_hal_spi.o
                0x0000000008004718                HAL_SPI_TransmitReceive
 .text.HAL_TIM_Base_Start
                0x0000000008004920       0x50 ./Drivers/STM32F1xx_HAL_Driver/Src/stm32f1xx_hal_tim.o
                0x0000000008004920                HAL_TIM_Base_Start
 .text.HAL_TIM_ConfigClockSource
                0x0000000008004970      0x14c ./Drivers/STM32F1xx_HAL_Driver/Src/stm32f1xx_hal_tim.o
                0x0000000008004970                HAL_TIM_ConfigClockSource
 .text.TIM_Base_SetConfig
                0x0000000008004abc       0x98 ./Drivers/STM32F1xx_HAL_Driver/Src/stm32f1xx_hal_tim.o
                0x0000000008004abc                TIM_Base_SetConfig
 .text.HAL_TIM_Base_Init
                0x0000000008004b54       0x5c ./Drivers/STM32F1xx_HAL_Driver/Src/stm32f1xx_hal_tim.o
                0x0000000008004b54                HAL_TIM_Base_Init
 .text.HAL_TIMEx_MasterConfigSynchronization
                0x0000000008004bb0       0x64 ./Drivers/STM32F1xx_HAL_Driver/Src/stm32f1xx_hal_tim_ex.o
                0x0000000008004bb0                HAL_TIMEx_MasterConfigSynchronization
 .text.USB_CoreInit
                0x0000000008004c14       0x10 ./Drivers/STM32F1xx_HAL_Driver/Src/stm32f1xx_ll_usb.o
                0x0000000008004c14                USB_CoreInit
 .text.USB_EnableGlobalInt
                0x0000000008004c24       0x14 ./Drivers/STM32F1xx_HAL_Driver/Src/stm32f1xx_ll_usb.o
                0x0000000008004c24                USB_EnableGlobalInt
 .text.USB_DisableGlobalInt
                0x0000000008004c38       0x14 ./Drivers/STM32F1xx_HAL_Driver/Src/stm32f1xx_ll_usb.o
                0x0000000008004c38                USB_DisableGlobalInt
 .text.USB_SetCurrentMode
                0x0000000008004c4c        0x4 ./Drivers/STM32F1xx_HAL_Driver/Src/stm32f1xx_ll_usb.o
                0x0000000008004c4c                USB_SetCurrentMode
 .text.USB_DevInit
                0x0000000008004c50       0x28 ./Drivers/STM32F1xx_HAL_Driver/Src/stm32f1xx_ll_usb.o
                0x0000000008004c50                USB_DevInit
 .text.USB_ActivateEndpoint
                0x0000000008004c78      0x2e8 ./Drivers/STM32F1xx_HAL_Driver/Src/stm32f1xx_ll_usb.o
                0x0000000008004c78                USB_ActivateEndpoint
 .text.USB_DeactivateEndpoint
                0x0000000008004f60      0x1c0 ./Drivers/STM32F1xx_HAL_Driver/Src/stm32f1xx_ll_usb.o
                0x0000000008004f60                USB_DeactivateEndpoint
 .text.USB_EPStartXfer
                0x0000000008005120      0x60c ./Drivers/STM32F1xx_HAL_Driver/Src/stm32f1xx_ll_usb.o
                0x0000000008005120                USB_EPStartXfer
 .text.USB_EPSetStall
                0x000000000800572c       0x50 ./Drivers/STM32F1xx_HAL_Driver/Src/stm32f1xx_ll_usb.o
                0x000000000800572c                USB_EPSetStall
 .text.USB_EPClearStall
                0x000000000800577c       0xa0 ./Drivers/STM32F1xx_HAL_Driver/Src/stm32f1xx_ll_usb.o
                0x000000000800577c                USB_EPClearStall
 .text.USB_SetDevAddress
                0x000000000800581c        0xc ./Drivers/STM32F1xx_HAL_Driver/Src/stm32f1xx_ll_usb.o
                0x000000000800581c                USB_SetDevAddress
 .text.USB_DevConnect
                0x0000000008005828        0x4 ./Drivers/STM32F1xx_HAL_Driver/Src/stm32f1xx_ll_usb.o
                0x0000000008005828                USB_DevConnect
 .text.USB_DevDisconnect
                0x000000000800582c        0x4 ./Drivers/STM32F1xx_HAL_Driver/Src/stm32f1xx_ll_usb.o
                0x000000000800582c                USB_DevDisconnect
 .text.USB_ReadInterrupts
                0x0000000008005830        0x8 ./Drivers/STM32F1xx_HAL_Driver/Src/stm32f1xx_ll_usb.o
                0x0000000008005830                USB_ReadInterrupts
 .text.USB_EP0_OutStart
                0x0000000008005838        0x4 ./Drivers/STM32F1xx_HAL_Driver/Src/stm32f1xx_ll_usb.o
                0x0000000008005838                USB_EP0_OutStart
 .text.USB_WritePMA
                0x000000000800583c       0x20 ./Drivers/STM32F1xx_HAL_Driver/Src/stm32f1xx_ll_usb.o
                0x000000000800583c                USB_WritePMA
 .text.USB_ReadPMA
                0x000000000800585c       0x40 ./Drivers/STM32F1xx_HAL_Driver/Src/stm32f1xx_ll_usb.o
                0x000000000800585c                USB_ReadPMA
 .text.MX_FATFS_Init
                0x000000000800589c       0x1c ./FATFS/App/fatfs.o
                0x000000000800589c                MX_FATFS_Init
 .text.get_fattime
                0x00000000080058b8        0x4 ./FATFS/App/fatfs.o
                0x00000000080058b8                get_fattime
 .text.USER_initialize
                0x00000000080058bc        0xc ./FATFS/Target/user_diskio.o
                0x00000000080058bc                USER_initialize
 .text.USER_status
                0x00000000080058c8        0xc ./FATFS/Target/user_diskio.o
                0x00000000080058c8                USER_status
 .text.USER_read
                0x00000000080058d4        0xc ./FATFS/Target/user_diskio.o
                0x00000000080058d4                USER_read
 .text.USER_write
                0x00000000080058e0        0xc ./FATFS/Target/user_diskio.o
                0x00000000080058e0                USER_write
 .text.USER_ioctl
                0x00000000080058ec        0xc ./FATFS/Target/user_diskio.o
                0x00000000080058ec                USER_ioctl
 .text.USBD_CDC_EP0_RxReady
                0x00000000080058f8       0x2c ./Middlewares/ST/STM32_USB_Device_Library/Class/CDC/Src/usbd_cdc.o
 .text.USBD_CDC_GetFSCfgDesc
                0x0000000008005924       0x10 ./Middlewares/ST/STM32_USB_Device_Library/Class/CDC/Src/usbd_cdc.o
 .text.USBD_CDC_GetHSCfgDesc
                0x0000000008005934       0x10 ./Middlewares/ST/STM32_USB_Device_Library/Class/CDC/Src/usbd_cdc.o
 .text.USBD_CDC_GetOtherSpeedCfgDesc
                0x0000000008005944       0x10 ./Middlewares/ST/STM32_USB_Device_Library/Class/CDC/Src/usbd_cdc.o
 .text.USBD_CDC_GetDeviceQualifierDescriptor
                0x0000000008005954       0x10 ./Middlewares/ST/STM32_USB_Device_Library/Class/CDC/Src/usbd_cdc.o
                0x0000000008005954                USBD_CDC_GetDeviceQualifierDescriptor
 .text.USBD_CDC_DataOut
                0x0000000008005964       0x30 ./Middlewares/ST/STM32_USB_Device_Library/Class/CDC/Src/usbd_cdc.o
 .text.USBD_CDC_DataIn
                0x0000000008005994       0x48 ./Middlewares/ST/STM32_USB_Device_Library/Class/CDC/Src/usbd_cdc.o
 .text.USBD_CDC_Setup
                0x00000000080059dc       0xc4 ./Middlewares/ST/STM32_USB_Device_Library/Class/CDC/Src/usbd_cdc.o
 .text.USBD_CDC_DeInit
                0x0000000008005aa0       0x44 ./Middlewares/ST/STM32_USB_Device_Library/Class/CDC/Src/usbd_cdc.o
 .text.USBD_CDC_Init
                0x0000000008005ae4       0xa8 ./Middlewares/ST/STM32_USB_Device_Library/Class/CDC/Src/usbd_cdc.o
 .text.USBD_CDC_RegisterInterface
                0x0000000008005b8c       0x10 ./Middlewares/ST/STM32_USB_Device_Library/Class/CDC/Src/usbd_cdc.o
                0x0000000008005b8c                USBD_CDC_RegisterInterface
 .text.USBD_CDC_SetTxBuffer
                0x0000000008005b9c       0x14 ./Middlewares/ST/STM32_USB_Device_Library/Class/CDC/Src/usbd_cdc.o
                0x0000000008005b9c                USBD_CDC_SetTxBuffer
 .text.USBD_CDC_SetRxBuffer
                0x0000000008005bb0       0x10 ./Middlewares/ST/STM32_USB_Device_Library/Class/CDC/Src/usbd_cdc.o
                0x0000000008005bb0                USBD_CDC_SetRxBuffer
 .text.USBD_CDC_TransmitPacket
                0x0000000008005bc0       0x34 ./Middlewares/ST/STM32_USB_Device_Library/Class/CDC/Src/usbd_cdc.o
                0x0000000008005bc0                USBD_CDC_TransmitPacket
 .text.USBD_CDC_ReceivePacket
                0x0000000008005bf4       0x38 ./Middlewares/ST/STM32_USB_Device_Library/Class/CDC/Src/usbd_cdc.o
                0x0000000008005bf4                USBD_CDC_ReceivePacket
 .text.USBD_Init
                0x0000000008005c2c       0x2c ./Middlewares/ST/STM32_USB_Device_Library/Core/Src/usbd_core.o
                0x0000000008005c2c                USBD_Init
 .text.USBD_RegisterClass
                0x0000000008005c58       0x10 ./Middlewares/ST/STM32_USB_Device_Library/Core/Src/usbd_core.o
                0x0000000008005c58                USBD_RegisterClass
 .text.USBD_Start
                0x0000000008005c68        0xc ./Middlewares/ST/STM32_USB_Device_Library/Core/Src/usbd_core.o
                0x0000000008005c68                USBD_Start
 .text.USBD_SetClassConfig
                0x0000000008005c74       0x14 ./Middlewares/ST/STM32_USB_Device_Library/Core/Src/usbd_core.o
                0x0000000008005c74                USBD_SetClassConfig
 .text.USBD_ClrClassConfig
                0x0000000008005c88       0x10 ./Middlewares/ST/STM32_USB_Device_Library/Core/Src/usbd_core.o
                0x0000000008005c88                USBD_ClrClassConfig
 .text.USBD_LL_SetupStage
                0x0000000008005c98       0x60 ./Middlewares/ST/STM32_USB_Device_Library/Core/Src/usbd_core.o
                0x0000000008005c98                USBD_LL_SetupStage
 .text.USBD_LL_DataOutStage
                0x0000000008005cf8       0x7c ./Middlewares/ST/STM32_USB_Device_Library/Core/Src/usbd_core.o
                0x0000000008005cf8                USBD_LL_DataOutStage
 .text.USBD_LL_DataInStage
                0x0000000008005d74       0xcc ./Middlewares/ST/STM32_USB_Device_Library/Core/Src/usbd_core.o
                0x0000000008005d74                USBD_LL_DataInStage
 .text.USBD_LL_Reset
                0x0000000008005e40       0x50 ./Middlewares/ST/STM32_USB_Device_Library/Core/Src/usbd_core.o
                0x0000000008005e40                USBD_LL_Reset
 .text.USBD_LL_SetSpeed
                0x0000000008005e90        0x8 ./Middlewares/ST/STM32_USB_Device_Library/Core/Src/usbd_core.o
                0x0000000008005e90                USBD_LL_SetSpeed
 .text.USBD_LL_Suspend
                0x0000000008005e98       0x14 ./Middlewares/ST/STM32_USB_Device_Library/Core/Src/usbd_core.o
                0x0000000008005e98                USBD_LL_Suspend
 .text.USBD_LL_Resume
                0x0000000008005eac       0x14 ./Middlewares/ST/STM32_USB_Device_Library/Core/Src/usbd_core.o
                0x0000000008005eac                USBD_LL_Resume
 .text.USBD_LL_SOF
                0x0000000008005ec0       0x1c ./Middlewares/ST/STM32_USB_Device_Library/Core/Src/usbd_core.o
                0x0000000008005ec0                USBD_LL_SOF
 .text.USBD_StdDevReq
                0x0000000008005edc      0x2e8 ./Middlewares/ST/STM32_USB_Device_Library/Core/Src/usbd_ctlreq.o
                0x0000000008005edc                USBD_StdDevReq
 .text.USBD_StdItfReq
                0x00000000080061c4       0x68 ./Middlewares/ST/STM32_USB_Device_Library/Core/Src/usbd_ctlreq.o
                0x00000000080061c4                USBD_StdItfReq
 .text.USBD_StdEPReq
                0x000000000800622c      0x138 ./Middlewares/ST/STM32_USB_Device_Library/Core/Src/usbd_ctlreq.o
                0x000000000800622c                USBD_StdEPReq
 .text.USBD_ParseSetupRequest
                0x0000000008006364       0x28 ./Middlewares/ST/STM32_USB_Device_Library/Core/Src/usbd_ctlreq.o
                0x0000000008006364                USBD_ParseSetupRequest
 .text.USBD_CtlError
                0x000000000800638c       0x18 ./Middlewares/ST/STM32_USB_Device_Library/Core/Src/usbd_ctlreq.o
                0x000000000800638c                USBD_CtlError
 .text.USBD_GetString
                0x00000000080063a4       0x54 ./Middlewares/ST/STM32_USB_Device_Library/Core/Src/usbd_ctlreq.o
                0x00000000080063a4                USBD_GetString
 .text.USBD_CtlSendData
                0x00000000080063f8       0x1c ./Middlewares/ST/STM32_USB_Device_Library/Core/Src/usbd_ioreq.o
                0x00000000080063f8                USBD_CtlSendData
 .text.USBD_CtlContinueSendData
                0x0000000008006414       0x14 ./Middlewares/ST/STM32_USB_Device_Library/Core/Src/usbd_ioreq.o
                0x0000000008006414                USBD_CtlContinueSendData
 .text.USBD_CtlPrepareRx
                0x0000000008006428       0x1c ./Middlewares/ST/STM32_USB_Device_Library/Core/Src/usbd_ioreq.o
                0x0000000008006428                USBD_CtlPrepareRx
 .text.USBD_CtlContinueRx
                0x0000000008006444       0x14 ./Middlewares/ST/STM32_USB_Device_Library/Core/Src/usbd_ioreq.o
                0x0000000008006444                USBD_CtlContinueRx
 .text.USBD_CtlSendStatus
                0x0000000008006458       0x18 ./Middlewares/ST/STM32_USB_Device_Library/Core/Src/usbd_ioreq.o
                0x0000000008006458                USBD_CtlSendStatus
 .text.USBD_CtlReceiveStatus
                0x0000000008006470       0x18 ./Middlewares/ST/STM32_USB_Device_Library/Core/Src/usbd_ioreq.o
                0x0000000008006470                USBD_CtlReceiveStatus
 .text.disk_status
                0x0000000008006488       0x14 ./Middlewares/Third_Party/FatFs/src/diskio.o
                0x0000000008006488                disk_status
 .text.disk_initialize
                0x000000000800649c       0x28 ./Middlewares/Third_Party/FatFs/src/diskio.o
                0x000000000800649c                disk_initialize
 .text.disk_read
                0x00000000080064c4       0x1c ./Middlewares/Third_Party/FatFs/src/diskio.o
                0x00000000080064c4                disk_read
 .text.disk_write
                0x00000000080064e0       0x1c ./Middlewares/Third_Party/FatFs/src/diskio.o
                0x00000000080064e0                disk_write
 .text.disk_ioctl
                0x00000000080064fc       0x18 ./Middlewares/Third_Party/FatFs/src/diskio.o
                0x00000000080064fc                disk_ioctl
 .text.chk_lock
                0x0000000008006514       0xa8 ./Middlewares/Third_Party/FatFs/src/ff.o
 .text.inc_lock
                0x00000000080065bc       0xc8 ./Middlewares/Third_Party/FatFs/src/ff.o
 .text.get_ldnumber
                0x0000000008006684       0x3c ./Middlewares/Third_Party/FatFs/src/ff.o
 .text.validate
                0x00000000080066c0       0x30 ./Middlewares/Third_Party/FatFs/src/ff.o
 .text.sync_window.part.0
                0x00000000080066f0       0x5c ./Middlewares/Third_Party/FatFs/src/ff.o
 .text.sync_fs  0x000000000800674c       0x98 ./Middlewares/Third_Party/FatFs/src/ff.o
 .text.f_sync.part.0
                0x00000000080067e4       0x64 ./Middlewares/Third_Party/FatFs/src/ff.o
 .text.check_fs
                0x0000000008006848       0x6c ./Middlewares/Third_Party/FatFs/src/ff.o
 .text.find_volume
                0x00000000080068b4      0x338 ./Middlewares/Third_Party/FatFs/src/ff.o
 .text.put_fat.part.0
                0x0000000008006bec      0x200 ./Middlewares/Third_Party/FatFs/src/ff.o
 .text.get_fat.part.0
                0x0000000008006dec      0x1ac ./Middlewares/Third_Party/FatFs/src/ff.o
 .text.remove_chain
                0x0000000008006f98       0x78 ./Middlewares/Third_Party/FatFs/src/ff.o
 .text.dir_sdi  0x0000000008007010       0xd0 ./Middlewares/Third_Party/FatFs/src/ff.o
 .text.create_chain
                0x00000000080070e0       0xe4 ./Middlewares/Third_Party/FatFs/src/ff.o
 .text.f_write.part.0
                0x00000000080071c4      0x268 ./Middlewares/Third_Party/FatFs/src/ff.o
 .text.putc_bfd
                0x000000000800742c       0x64 ./Middlewares/Third_Party/FatFs/src/ff.o
 .text.dir_next
                0x0000000008007490      0x160 ./Middlewares/Third_Party/FatFs/src/ff.o
 .text.dir_find.part.0
                0x00000000080075f0      0x1a0 ./Middlewares/Third_Party/FatFs/src/ff.o
 .text.follow_path
                0x0000000008007790      0x2d0 ./Middlewares/Third_Party/FatFs/src/ff.o
 .text.dir_register
                0x0000000008007a60      0x3b8 ./Middlewares/Third_Party/FatFs/src/ff.o
 .text.f_mount  0x0000000008007e18       0x78 ./Middlewares/Third_Party/FatFs/src/ff.o
                0x0000000008007e18                f_mount
 .text.f_open   0x0000000008007e90      0x1f8 ./Middlewares/Third_Party/FatFs/src/ff.o
                0x0000000008007e90                f_open
 .text.f_close  0x0000000008008088       0xcc ./Middlewares/Third_Party/FatFs/src/ff.o
                0x0000000008008088                f_close
 .text.f_lseek  0x0000000008008154      0x254 ./Middlewares/Third_Party/FatFs/src/ff.o
                0x0000000008008154                f_lseek
 .text.f_puts   0x00000000080083a8       0x68 ./Middlewares/Third_Party/FatFs/src/ff.o
                0x00000000080083a8                f_puts
 .text.FATFS_LinkDriver
                0x0000000008008410       0x58 ./Middlewares/Third_Party/FatFs/src/ff_gen_drv.o
                0x0000000008008410                FATFS_LinkDriver
 .text.ff_convert
                0x0000000008008468       0x40 ./Middlewares/Third_Party/FatFs/src/option/ccsbcs.o
                0x0000000008008468                ff_convert
 .text.ff_wtoupper
                0x00000000080084a8       0x24 ./Middlewares/Third_Party/FatFs/src/option/ccsbcs.o
                0x00000000080084a8                ff_wtoupper
 .text.MX_USB_DEVICE_Init
                0x00000000080084cc       0x74 ./USB_DEVICE/App/usb_device.o
                0x00000000080084cc                MX_USB_DEVICE_Init
 .text.CDC_DeInit_FS
                0x0000000008008540        0x4 ./USB_DEVICE/App/usbd_cdc_if.o
 .text.CDC_Control_FS
                0x0000000008008544        0x4 ./USB_DEVICE/App/usbd_cdc_if.o
 .text.CDC_Receive_FS
                0x0000000008008548       0x34 ./USB_DEVICE/App/usbd_cdc_if.o
 .text.CDC_Init_FS
                0x000000000800857c       0x28 ./USB_DEVICE/App/usbd_cdc_if.o
 .text.CDC_Transmit_FS
                0x00000000080085a4       0x2c ./USB_DEVICE/App/usbd_cdc_if.o
                0x00000000080085a4                CDC_Transmit_FS
 .text.USBD_FS_DeviceDescriptor
                0x00000000080085d0        0xc ./USB_DEVICE/App/usbd_desc.o
                0x00000000080085d0                USBD_FS_DeviceDescriptor
 .text.USBD_FS_LangIDStrDescriptor
                0x00000000080085dc        0xc ./USB_DEVICE/App/usbd_desc.o
                0x00000000080085dc                USBD_FS_LangIDStrDescriptor
 .text.USBD_FS_ManufacturerStrDescriptor
                0x00000000080085e8       0x1c ./USB_DEVICE/App/usbd_desc.o
                0x00000000080085e8                USBD_FS_ManufacturerStrDescriptor
 .text.USBD_FS_ProductStrDescriptor
                0x0000000008008604       0x1c ./USB_DEVICE/App/usbd_desc.o
                0x0000000008008604                USBD_FS_ProductStrDescriptor
 .text.USBD_FS_ConfigStrDescriptor
                0x0000000008008620       0x1c ./USB_DEVICE/App/usbd_desc.o
                0x0000000008008620                USBD_FS_ConfigStrDescriptor
 .text.USBD_FS_InterfaceStrDescriptor
                0x000000000800863c       0x1c ./USB_DEVICE/App/usbd_desc.o
                0x000000000800863c                USBD_FS_InterfaceStrDescriptor
 .text.USBD_FS_SerialStrDescriptor
                0x0000000008008658       0x8c ./USB_DEVICE/App/usbd_desc.o
                0x0000000008008658                USBD_FS_SerialStrDescriptor
 .text.HAL_PCD_MspInit
                0x00000000080086e4       0x40 ./USB_DEVICE/Target/usbd_conf.o
                0x00000000080086e4                HAL_PCD_MspInit
 .text.HAL_PCD_SetupStageCallback
                0x0000000008008724       0x10 ./USB_DEVICE/Target/usbd_conf.o
                0x0000000008008724                HAL_PCD_SetupStageCallback
 .text.HAL_PCD_DataOutStageCallback
                0x0000000008008734       0x14 ./USB_DEVICE/Target/usbd_conf.o
                0x0000000008008734                HAL_PCD_DataOutStageCallback
 .text.HAL_PCD_DataInStageCallback
                0x0000000008008748       0x14 ./USB_DEVICE/Target/usbd_conf.o
                0x0000000008008748                HAL_PCD_DataInStageCallback
 .text.HAL_PCD_SOFCallback
                0x000000000800875c        0x8 ./USB_DEVICE/Target/usbd_conf.o
                0x000000000800875c                HAL_PCD_SOFCallback
 .text.HAL_PCD_ResetCallback
                0x0000000008008764       0x24 ./USB_DEVICE/Target/usbd_conf.o
                0x0000000008008764                HAL_PCD_ResetCallback
 .text.HAL_PCD_SuspendCallback
                0x0000000008008788       0x20 ./USB_DEVICE/Target/usbd_conf.o
                0x0000000008008788                HAL_PCD_SuspendCallback
 .text.HAL_PCD_ResumeCallback
                0x00000000080087a8        0x8 ./USB_DEVICE/Target/usbd_conf.o
                0x00000000080087a8                HAL_PCD_ResumeCallback
 .text.USBD_LL_Init
                0x00000000080087b0       0x88 ./USB_DEVICE/Target/usbd_conf.o
                0x00000000080087b0                USBD_LL_Init
 .text.USBD_LL_Start
                0x0000000008008838       0x1c ./USB_DEVICE/Target/usbd_conf.o
                0x0000000008008838                USBD_LL_Start
 .text.USBD_LL_OpenEP
                0x0000000008008854       0x20 ./USB_DEVICE/Target/usbd_conf.o
                0x0000000008008854                USBD_LL_OpenEP
 .text.USBD_LL_CloseEP
                0x0000000008008874       0x1c ./USB_DEVICE/Target/usbd_conf.o
                0x0000000008008874                USBD_LL_CloseEP
 .text.USBD_LL_StallEP
                0x0000000008008890       0x1c ./USB_DEVICE/Target/usbd_conf.o
                0x0000000008008890                USBD_LL_StallEP
 .text.USBD_LL_ClearStallEP
                0x00000000080088ac       0x1c ./USB_DEVICE/Target/usbd_conf.o
                0x00000000080088ac                USBD_LL_ClearStallEP
 .text.USBD_LL_IsStallEP
                0x00000000080088c8       0x28 ./USB_DEVICE/Target/usbd_conf.o
                0x00000000080088c8                USBD_LL_IsStallEP
 .text.USBD_LL_SetUSBAddress
                0x00000000080088f0       0x1c ./USB_DEVICE/Target/usbd_conf.o
                0x00000000080088f0                USBD_LL_SetUSBAddress
 .text.USBD_LL_Transmit
                0x000000000800890c       0x1c ./USB_DEVICE/Target/usbd_conf.o
                0x000000000800890c                USBD_LL_Transmit
 .text.USBD_LL_PrepareReceive
                0x0000000008008928       0x1c ./USB_DEVICE/Target/usbd_conf.o
                0x0000000008008928                USBD_LL_PrepareReceive
 .text.USBD_LL_GetRxDataSize
                0x0000000008008944        0x8 ./USB_DEVICE/Target/usbd_conf.o
                0x0000000008008944                USBD_LL_GetRxDataSize
 .text.USBD_static_malloc
                0x000000000800894c        0x8 ./USB_DEVICE/Target/usbd_conf.o
                0x000000000800894c                USBD_static_malloc
 .text.USBD_static_free
                0x0000000008008954        0x4 ./USB_DEVICE/Target/usbd_conf.o
                0x0000000008008954                USBD_static_free
 .text.HAL_PCDEx_SetConnectionState
                0x0000000008008958        0x4 ./USB_DEVICE/Target/usbd_conf.o
                0x0000000008008958                HAL_PCDEx_SetConnectionState
 .text.__errno  0x000000000800895c        0xc c:/st/stm32cubeide_1.8.0/stm32cubeide/plugins/com.st.stm32cube.ide.mcu.externaltools.gnu-tools-for-stm32.10.3-2021.10.win32_1.0.200.202301161003/tools/bin/../lib/gcc/arm-none-eabi/10.3.1/../../../../arm-none-eabi/lib/thumb/v7-m/nofp\libc_nano.a(lib_a-errno.o)
                0x000000000800895c                __errno
 .text.__libc_init_array
                0x0000000008008968       0x48 c:/st/stm32cubeide_1.8.0/stm32cubeide/plugins/com.st.stm32cube.ide.mcu.externaltools.gnu-tools-for-stm32.10.3-2021.10.win32_1.0.200.202301161003/tools/bin/../lib/gcc/arm-none-eabi/10.3.1/../../../../arm-none-eabi/lib/thumb/v7-m/nofp\libc_nano.a(lib_a-init.o)
                0x0000000008008968                __libc_init_array
 .text.memset   0x00000000080089b0       0x10 c:/st/stm32cubeide_1.8.0/stm32cubeide/plugins/com.st.stm32cube.ide.mcu.externaltools.gnu-tools-for-stm32.10.3-2021.10.win32_1.0.200.202301161003/tools/bin/../lib/gcc/arm-none-eabi/10.3.1/../../../../arm-none-eabi/lib/thumb/v7-m/nofp\libc_nano.a(lib_a-memset.o)
                0x00000000080089b0                memset
 .text.sprintf  0x00000000080089c0       0x40 c:/st/stm32cubeide_1.8.0/stm32cubeide/plugins/com.st.stm32cube.ide.mcu.externaltools.gnu-tools-for-stm32.10.3-2021.10.win32_1.0.200.202301161003/tools/bin/../lib/gcc/arm-none-eabi/10.3.1/../../../../arm-none-eabi/lib/thumb/v7-m/nofp\libc_nano.a(lib_a-sprintf.o)
                0x00000000080089c0                siprintf
                0x00000000080089c0                sprintf
 .text.sscanf   0x0000000008008a00       0x54 c:/st/stm32cubeide_1.8.0/stm32cubeide/plugins/com.st.stm32cube.ide.mcu.externaltools.gnu-tools-for-stm32.10.3-2021.10.win32_1.0.200.202301161003/tools/bin/../lib/gcc/arm-none-eabi/10.3.1/../../../../arm-none-eabi/lib/thumb/v7-m/nofp\libc_nano.a(lib_a-sscanf.o)
                0x0000000008008a00                siscanf
                0x0000000008008a00                sscanf
 .text.__seofread
                0x0000000008008a54        0x4 c:/st/stm32cubeide_1.8.0/stm32cubeide/plugins/com.st.stm32cube.ide.mcu.externaltools.gnu-tools-for-stm32.10.3-2021.10.win32_1.0.200.202301161003/tools/bin/../lib/gcc/arm-none-eabi/10.3.1/../../../../arm-none-eabi/lib/thumb/v7-m/nofp\libc_nano.a(lib_a-stdio.o)
                0x0000000008008a54                __seofread
 .text.__ssputs_r
                0x0000000008008a58       0xb6 c:/st/stm32cubeide_1.8.0/stm32cubeide/plugins/com.st.stm32cube.ide.mcu.externaltools.gnu-tools-for-stm32.10.3-2021.10.win32_1.0.200.202301161003/tools/bin/../lib/gcc/arm-none-eabi/10.3.1/../../../../arm-none-eabi/lib/thumb/v7-m/nofp\libc_nano.a(lib_a-nano-svfprintf.o)
                0x0000000008008a58                __ssputs_r
 *fill*         0x0000000008008b0e        0x2 
 .text._svfprintf_r
                0x0000000008008b10      0x200 c:/st/stm32cubeide_1.8.0/stm32cubeide/plugins/com.st.stm32cube.ide.mcu.externaltools.gnu-tools-for-stm32.10.3-2021.10.win32_1.0.200.202301161003/tools/bin/../lib/gcc/arm-none-eabi/10.3.1/../../../../arm-none-eabi/lib/thumb/v7-m/nofp\libc_nano.a(lib_a-nano-svfprintf.o)
                0x0000000008008b10                _svfiprintf_r
                0x0000000008008b10                _svfprintf_r
 .text._sungetc_r
                0x0000000008008d10       0x7a c:/st/stm32cubeide_1.8.0/stm32cubeide/plugins/com.st.stm32cube.ide.mcu.externaltools.gnu-tools-for-stm32.10.3-2021.10.win32_1.0.200.202301161003/tools/bin/../lib/gcc/arm-none-eabi/10.3.1/../../../../arm-none-eabi/lib/thumb/v7-m/nofp\libc_nano.a(lib_a-nano-svfscanf.o)
                0x0000000008008d10                _sungetc_r
 .text.__ssrefill_r
                0x0000000008008d8a       0x3a c:/st/stm32cubeide_1.8.0/stm32cubeide/plugins/com.st.stm32cube.ide.mcu.externaltools.gnu-tools-for-stm32.10.3-2021.10.win32_1.0.200.202301161003/tools/bin/../lib/gcc/arm-none-eabi/10.3.1/../../../../arm-none-eabi/lib/thumb/v7-m/nofp\libc_nano.a(lib_a-nano-svfscanf.o)
                0x0000000008008d8a                __ssrefill_r
 .text.__ssvfscanf_r
                0x0000000008008dc4      0x2f4 c:/st/stm32cubeide_1.8.0/stm32cubeide/plugins/com.st.stm32cube.ide.mcu.externaltools.gnu-tools-for-stm32.10.3-2021.10.win32_1.0.200.202301161003/tools/bin/../lib/gcc/arm-none-eabi/10.3.1/../../../../arm-none-eabi/lib/thumb/v7-m/nofp\libc_nano.a(lib_a-nano-svfscanf.o)
                0x0000000008008dc4                __ssvfiscanf_r
                0x0000000008008dc4                __ssvfscanf_r
 .text._printf_common
                0x00000000080090b8       0xde c:/st/stm32cubeide_1.8.0/stm32cubeide/plugins/com.st.stm32cube.ide.mcu.externaltools.gnu-tools-for-stm32.10.3-2021.10.win32_1.0.200.202301161003/tools/bin/../lib/gcc/arm-none-eabi/10.3.1/../../../../arm-none-eabi/lib/thumb/v7-m/nofp\libc_nano.a(lib_a-nano-vfprintf_i.o)
                0x00000000080090b8                _printf_common
 *fill*         0x0000000008009196        0x2 
 .text._printf_i
                0x0000000008009198      0x24c c:/st/stm32cubeide_1.8.0/stm32cubeide/plugins/com.st.stm32cube.ide.mcu.externaltools.gnu-tools-for-stm32.10.3-2021.10.win32_1.0.200.202301161003/tools/bin/../lib/gcc/arm-none-eabi/10.3.1/../../../../arm-none-eabi/lib/thumb/v7-m/nofp\libc_nano.a(lib_a-nano-vfprintf_i.o)
                0x0000000008009198                _printf_i
 .text._scanf_chars
                0x00000000080093e4       0xb4 c:/st/stm32cubeide_1.8.0/stm32cubeide/plugins/com.st.stm32cube.ide.mcu.externaltools.gnu-tools-for-stm32.10.3-2021.10.win32_1.0.200.202301161003/tools/bin/../lib/gcc/arm-none-eabi/10.3.1/../../../../arm-none-eabi/lib/thumb/v7-m/nofp\libc_nano.a(lib_a-nano-vfscanf_i.o)
                0x00000000080093e4                _scanf_chars
 .text._scanf_i
                0x0000000008009498      0x1f0 c:/st/stm32cubeide_1.8.0/stm32cubeide/plugins/com.st.stm32cube.ide.mcu.externaltools.gnu-tools-for-stm32.10.3-2021.10.win32_1.0.200.202301161003/tools/bin/../lib/gcc/arm-none-eabi/10.3.1/../../../../arm-none-eabi/lib/thumb/v7-m/nofp\libc_nano.a(lib_a-nano-vfscanf_i.o)
                0x0000000008009498                _scanf_i
 .text.__sccl   0x0000000008009688       0x70 c:/st/stm32cubeide_1.8.0/stm32cubeide/plugins/com.st.stm32cube.ide.mcu.externaltools.gnu-tools-for-stm32.10.3-2021.10.win32_1.0.200.202301161003/tools/bin/../lib/gcc/arm-none-eabi/10.3.1/../../../../arm-none-eabi/lib/thumb/v7-m/nofp\libc_nano.a(lib_a-sccl.o)
                0x0000000008009688                __sccl
 .text._strtol_l.constprop.0
                0x00000000080096f8       0xf8 c:/st/stm32cubeide_1.8.0/stm32cubeide/plugins/com.st.stm32cube.ide.mcu.externaltools.gnu-tools-for-stm32.10.3-2021.10.win32_1.0.200.202301161003/tools/bin/../lib/gcc/arm-none-eabi/10.3.1/../../../../arm-none-eabi/lib/thumb/v7-m/nofp\libc_nano.a(lib_a-strtol.o)
 .text._strtol_r
                0x00000000080097f0        0x4 c:/st/stm32cubeide_1.8.0/stm32cubeide/plugins/com.st.stm32cube.ide.mcu.externaltools.gnu-tools-for-stm32.10.3-2021.10.win32_1.0.200.202301161003/tools/bin/../lib/gcc/arm-none-eabi/10.3.1/../../../../arm-none-eabi/lib/thumb/v7-m/nofp\libc_nano.a(lib_a-strtol.o)
                0x00000000080097f0                _strtol_r
 .text._strtoul_l.constprop.0
                0x00000000080097f4       0xe4 c:/st/stm32cubeide_1.8.0/stm32cubeide/plugins/com.st.stm32cube.ide.mcu.externaltools.gnu-tools-for-stm32.10.3-2021.10.win32_1.0.200.202301161003/tools/bin/../lib/gcc/arm-none-eabi/10.3.1/../../../../arm-none-eabi/lib/thumb/v7-m/nofp\libc_nano.a(lib_a-strtoul.o)
 .text._strtoul_r
                0x00000000080098d8        0x4 c:/st/stm32cubeide_1.8.0/stm32cubeide/plugins/com.st.stm32cube.ide.mcu.externaltools.gnu-tools-for-stm32.10.3-2021.10.win32_1.0.200.202301161003/tools/bin/../lib/gcc/arm-none-eabi/10.3.1/../../../../arm-none-eabi/lib/thumb/v7-m/nofp\libc_nano.a(lib_a-strtoul.o)
                0x00000000080098d8                _strtoul_r
 .text.__submore
                0x00000000080098dc       0x70 c:/st/stm32cubeide_1.8.0/stm32cubeide/plugins/com.st.stm32cube.ide.mcu.externaltools.gnu-tools-for-stm32.10.3-2021.10.win32_1.0.200.202301161003/tools/bin/../lib/gcc/arm-none-eabi/10.3.1/../../../../arm-none-eabi/lib/thumb/v7-m/nofp\libc_nano.a(lib_a-ungetc.o)
                0x00000000080098dc                __submore
 .text.__retarget_lock_acquire_recursive
                0x000000000800994c        0x2 c:/st/stm32cubeide_1.8.0/stm32cubeide/plugins/com.st.stm32cube.ide.mcu.externaltools.gnu-tools-for-stm32.10.3-2021.10.win32_1.0.200.202301161003/tools/bin/../lib/gcc/arm-none-eabi/10.3.1/../../../../arm-none-eabi/lib/thumb/v7-m/nofp\libc_nano.a(lib_a-lock.o)
                0x000000000800994c                __retarget_lock_acquire_recursive
 .text.__retarget_lock_release_recursive
                0x000000000800994e        0x2 c:/st/stm32cubeide_1.8.0/stm32cubeide/plugins/com.st.stm32cube.ide.mcu.externaltools.gnu-tools-for-stm32.10.3-2021.10.win32_1.0.200.202301161003/tools/bin/../lib/gcc/arm-none-eabi/10.3.1/../../../../arm-none-eabi/lib/thumb/v7-m/nofp\libc_nano.a(lib_a-lock.o)
                0x000000000800994e                __retarget_lock_release_recursive
 .text.memchr   0x0000000008009950       0x1c c:/st/stm32cubeide_1.8.0/stm32cubeide/plugins/com.st.stm32cube.ide.mcu.externaltools.gnu-tools-for-stm32.10.3-2021.10.win32_1.0.200.202301161003/tools/bin/../lib/gcc/arm-none-eabi/10.3.1/../../../../arm-none-eabi/lib/thumb/v7-m/nofp\libc_nano.a(lib_a-memchr-stub.o)
                0x0000000008009950                memchr
 .text.memcpy   0x000000000800996c       0x1c c:/st/stm32cubeide_1.8.0/stm32cubeide/plugins/com.st.stm32cube.ide.mcu.externaltools.gnu-tools-for-stm32.10.3-2021.10.win32_1.0.200.202301161003/tools/bin/../lib/gcc/arm-none-eabi/10.3.1/../../../../arm-none-eabi/lib/thumb/v7-m/nofp\libc_nano.a(lib_a-memcpy-stub.o)
                0x000000000800996c                memcpy
 .text.memmove  0x0000000008009988       0x34 c:/st/stm32cubeide_1.8.0/stm32cubeide/plugins/com.st.stm32cube.ide.mcu.externaltools.gnu-tools-for-stm32.10.3-2021.10.win32_1.0.200.202301161003/tools/bin/../lib/gcc/arm-none-eabi/10.3.1/../../../../arm-none-eabi/lib/thumb/v7-m/nofp\libc_nano.a(lib_a-memmove.o)
                0x0000000008009988                memmove
 .text._free_r  0x00000000080099bc       0x90 c:/st/stm32cubeide_1.8.0/stm32cubeide/plugins/com.st.stm32cube.ide.mcu.externaltools.gnu-tools-for-stm32.10.3-2021.10.win32_1.0.200.202301161003/tools/bin/../lib/gcc/arm-none-eabi/10.3.1/../../../../arm-none-eabi/lib/thumb/v7-m/nofp\libc_nano.a(lib_a-nano-freer.o)
                0x00000000080099bc                _free_r
 .text.sbrk_aligned
                0x0000000008009a4c       0x40 c:/st/stm32cubeide_1.8.0/stm32cubeide/plugins/com.st.stm32cube.ide.mcu.externaltools.gnu-tools-for-stm32.10.3-2021.10.win32_1.0.200.202301161003/tools/bin/../lib/gcc/arm-none-eabi/10.3.1/../../../../arm-none-eabi/lib/thumb/v7-m/nofp\libc_nano.a(lib_a-nano-mallocr.o)
 .text._malloc_r
                0x0000000008009a8c       0xe8 c:/st/stm32cubeide_1.8.0/stm32cubeide/plugins/com.st.stm32cube.ide.mcu.externaltools.gnu-tools-for-stm32.10.3-2021.10.win32_1.0.200.202301161003/tools/bin/../lib/gcc/arm-none-eabi/10.3.1/../../../../arm-none-eabi/lib/thumb/v7-m/nofp\libc_nano.a(lib_a-nano-mallocr.o)
                0x0000000008009a8c                _malloc_r
 .text._realloc_r
                0x0000000008009b74       0x5e c:/st/stm32cubeide_1.8.0/stm32cubeide/plugins/com.st.stm32cube.ide.mcu.externaltools.gnu-tools-for-stm32.10.3-2021.10.win32_1.0.200.202301161003/tools/bin/../lib/gcc/arm-none-eabi/10.3.1/../../../../arm-none-eabi/lib/thumb/v7-m/nofp\libc_nano.a(lib_a-nano-reallocr.o)
                0x0000000008009b74                _realloc_r
 *fill*         0x0000000008009bd2        0x2 
 .text._sbrk_r  0x0000000008009bd4       0x20 c:/st/stm32cubeide_1.8.0/stm32cubeide/plugins/com.st.stm32cube.ide.mcu.externaltools.gnu-tools-for-stm32.10.3-2021.10.win32_1.0.200.202301161003/tools/bin/../lib/gcc/arm-none-eabi/10.3.1/../../../../arm-none-eabi/lib/thumb/v7-m/nofp\libc_nano.a(lib_a-sbrkr.o)
                0x0000000008009bd4                _sbrk_r
 .text.__malloc_lock
                0x0000000008009bf4        0xc c:/st/stm32cubeide_1.8.0/stm32cubeide/plugins/com.st.stm32cube.ide.mcu.externaltools.gnu-tools-for-stm32.10.3-2021.10.win32_1.0.200.202301161003/tools/bin/../lib/gcc/arm-none-eabi/10.3.1/../../../../arm-none-eabi/lib/thumb/v7-m/nofp\libc_nano.a(lib_a-mlock.o)
                0x0000000008009bf4                __malloc_lock
 .text.__malloc_unlock
                0x0000000008009c00        0xc c:/st/stm32cubeide_1.8.0/stm32cubeide/plugins/com.st.stm32cube.ide.mcu.externaltools.gnu-tools-for-stm32.10.3-2021.10.win32_1.0.200.202301161003/tools/bin/../lib/gcc/arm-none-eabi/10.3.1/../../../../arm-none-eabi/lib/thumb/v7-m/nofp\libc_nano.a(lib_a-mlock.o)
                0x0000000008009c00                __malloc_unlock
 .text._malloc_usable_size_r
                0x0000000008009c0c       0x10 c:/st/stm32cubeide_1.8.0/stm32cubeide/plugins/com.st.stm32cube.ide.mcu.externaltools.gnu-tools-for-stm32.10.3-2021.10.win32_1.0.200.202301161003/tools/bin/../lib/gcc/arm-none-eabi/10.3.1/../../../../arm-none-eabi/lib/thumb/v7-m/nofp\libc_nano.a(lib_a-nano-msizer.o)
                0x0000000008009c0c                _malloc_usable_size_r
 *(.glue_7)
 .glue_7        0x0000000008009c1c        0x0 linker stubs
 *(.glue_7t)
 .glue_7t       0x0000000008009c1c        0x0 linker stubs
 *(.eh_frame)
 .eh_frame      0x0000000008009c1c        0x0 c:/st/stm32cubeide_1.8.0/stm32cubeide/plugins/com.st.stm32cube.ide.mcu.externaltools.gnu-tools-for-stm32.10.3-2021.10.win32_1.0.200.202301161003/tools/bin/../lib/gcc/arm-none-eabi/10.3.1/thumb/v7-m/nofp/crtbegin.o
 *(.init)
 .init          0x0000000008009c1c        0x4 c:/st/stm32cubeide_1.8.0/stm32cubeide/plugins/com.st.stm32cube.ide.mcu.externaltools.gnu-tools-for-stm32.10.3-2021.10.win32_1.0.200.202301161003/tools/bin/../lib/gcc/arm-none-eabi/10.3.1/thumb/v7-m/nofp/crti.o
                0x0000000008009c1c                _init
 .init          0x0000000008009c20        0x8 c:/st/stm32cubeide_1.8.0/stm32cubeide/plugins/com.st.stm32cube.ide.mcu.externaltools.gnu-tools-for-stm32.10.3-2021.10.win32_1.0.200.202301161003/tools/bin/../lib/gcc/arm-none-eabi/10.3.1/thumb/v7-m/nofp/crtn.o
 *(.fini)
 .fini          0x0000000008009c28        0x4 c:/st/stm32cubeide_1.8.0/stm32cubeide/plugins/com.st.stm32cube.ide.mcu.externaltools.gnu-tools-for-stm32.10.3-2021.10.win32_1.0.200.202301161003/tools/bin/../lib/gcc/arm-none-eabi/10.3.1/thumb/v7-m/nofp/crti.o
                0x0000000008009c28                _fini
 .fini          0x0000000008009c2c        0x8 c:/st/stm32cubeide_1.8.0/stm32cubeide/plugins/com.st.stm32cube.ide.mcu.externaltools.gnu-tools-for-stm32.10.3-2021.10.win32_1.0.200.202301161003/tools/bin/../lib/gcc/arm-none-eabi/10.3.1/thumb/v7-m/nofp/crtn.o
                0x0000000008009c34                . = ALIGN (0x4)
                0x0000000008009c34                _etext = .

.vfp11_veneer   0x0000000008009c34        0x0
 .vfp11_veneer  0x0000000008009c34        0x0 linker stubs

.v4_bx          0x0000000008009c34        0x0
 .v4_bx         0x0000000008009c34        0x0 linker stubs

.iplt           0x0000000008009c34        0x0
 .iplt          0x0000000008009c34        0x0 c:/st/stm32cubeide_1.8.0/stm32cubeide/plugins/com.st.stm32cube.ide.mcu.externaltools.gnu-tools-for-stm32.10.3-2021.10.win32_1.0.200.202301161003/tools/bin/../lib/gcc/arm-none-eabi/10.3.1/thumb/v7-m/nofp/crtbegin.o

.rodata         0x0000000008009c34      0x894
                0x0000000008009c34                . = ALIGN (0x4)
 *(.rodata)
 .rodata        0x0000000008009c34       0x48 ./Core/Src/main.o
 .rodata        0x0000000008009c7c        0xc c:/st/stm32cubeide_1.8.0/stm32cubeide/plugins/com.st.stm32cube.ide.mcu.externaltools.gnu-tools-for-stm32.10.3-2021.10.win32_1.0.200.202301161003/tools/bin/../lib/gcc/arm-none-eabi/10.3.1/../../../../arm-none-eabi/lib/thumb/v7-m/nofp\libc_nano.a(lib_a-nano-vfscanf_i.o)
 *(.rodata*)
 .rodata.main.str1.4
                0x0000000008009c88       0xab ./Core/Src/main.o
                                         0xaf (size before relaxing)
 *fill*         0x0000000008009d33        0x1 
 .rodata.AHBPrescTable
                0x0000000008009d34       0x10 ./Core/Src/system_stm32f1xx.o
                0x0000000008009d34                AHBPrescTable
 .rodata.APBPrescTable
                0x0000000008009d44        0x8 ./Core/Src/system_stm32f1xx.o
                0x0000000008009d44                APBPrescTable
 .rodata.HAL_RCC_GetSysClockFreq.str1.4
                0x0000000008009d4c       0x11 ./Drivers/STM32F1xx_HAL_Driver/Src/stm32f1xx_hal_rcc.o
 .rodata.HAL_RCCEx_GetPeriphCLKFreq.str1.4
                0x0000000008009d5d       0x11 ./Drivers/STM32F1xx_HAL_Driver/Src/stm32f1xx_hal_rcc_ex.o
 *fill*         0x0000000008009d5d        0x3 
 .rodata.follow_path.str1.4
                0x0000000008009d60       0x13 ./Middlewares/Third_Party/FatFs/src/ff.o
 *fill*         0x0000000008009d73        0x1 
 .rodata.ExCvt  0x0000000008009d74       0x80 ./Middlewares/Third_Party/FatFs/src/ff.o
 .rodata.LfnOfs
                0x0000000008009df4        0xd ./Middlewares/Third_Party/FatFs/src/ff.o
 *fill*         0x0000000008009e01        0x3 
 .rodata.Tbl    0x0000000008009e04      0x100 ./Middlewares/Third_Party/FatFs/src/option/ccsbcs.o
 .rodata.tbl_lower.1
                0x0000000008009f04      0x1e0 ./Middlewares/Third_Party/FatFs/src/option/ccsbcs.o
 .rodata.tbl_upper.0
                0x000000000800a0e4      0x1e0 ./Middlewares/Third_Party/FatFs/src/option/ccsbcs.o
 .rodata.CDC_Receive_FS.str1.4
                0x000000000800a2c4        0x6 ./USB_DEVICE/App/usbd_cdc_if.o
 *fill*         0x000000000800a2ca        0x2 
 .rodata.USBD_FS_ManufacturerStrDescriptor.str1.4
                0x000000000800a2cc       0x13 ./USB_DEVICE/App/usbd_desc.o
 *fill*         0x000000000800a2df        0x1 
 .rodata.USBD_FS_ProductStrDescriptor.str1.4
                0x000000000800a2e0       0x16 ./USB_DEVICE/App/usbd_desc.o
 *fill*         0x000000000800a2f6        0x2 
 .rodata.USBD_FS_ConfigStrDescriptor.str1.4
                0x000000000800a2f8        0xb ./USB_DEVICE/App/usbd_desc.o
 *fill*         0x000000000800a303        0x1 
 .rodata.USBD_FS_InterfaceStrDescriptor.str1.4
                0x000000000800a304        0xe ./USB_DEVICE/App/usbd_desc.o
 *fill*         0x000000000800a312        0x2 
 .rodata.CSWTCH.3
                0x000000000800a314        0x4 ./USB_DEVICE/Target/usbd_conf.o
 .rodata._svfprintf_r.str1.1
                0x000000000800a318       0x11 c:/st/stm32cubeide_1.8.0/stm32cubeide/plugins/com.st.stm32cube.ide.mcu.externaltools.gnu-tools-for-stm32.10.3-2021.10.win32_1.0.200.202301161003/tools/bin/../lib/gcc/arm-none-eabi/10.3.1/../../../../arm-none-eabi/lib/thumb/v7-m/nofp\libc_nano.a(lib_a-nano-svfprintf.o)
 .rodata.__ssvfscanf_r.str1.1
                0x000000000800a329        0x4 c:/st/stm32cubeide_1.8.0/stm32cubeide/plugins/com.st.stm32cube.ide.mcu.externaltools.gnu-tools-for-stm32.10.3-2021.10.win32_1.0.200.202301161003/tools/bin/../lib/gcc/arm-none-eabi/10.3.1/../../../../arm-none-eabi/lib/thumb/v7-m/nofp\libc_nano.a(lib_a-nano-svfscanf.o)
 .rodata._printf_i.str1.1
                0x000000000800a329       0x22 c:/st/stm32cubeide_1.8.0/stm32cubeide/plugins/com.st.stm32cube.ide.mcu.externaltools.gnu-tools-for-stm32.10.3-2021.10.win32_1.0.200.202301161003/tools/bin/../lib/gcc/arm-none-eabi/10.3.1/../../../../arm-none-eabi/lib/thumb/v7-m/nofp\libc_nano.a(lib_a-nano-vfprintf_i.o)
 .rodata.str1.1
                0x000000000800a34b        0x9 c:/st/stm32cubeide_1.8.0/stm32cubeide/plugins/com.st.stm32cube.ide.mcu.externaltools.gnu-tools-for-stm32.10.3-2021.10.win32_1.0.200.202301161003/tools/bin/../lib/gcc/arm-none-eabi/10.3.1/../../../../arm-none-eabi/lib/thumb/v7-m/nofp\libc_nano.a(lib_a-nano-vfscanf_i.o)
 .rodata._scanf_i.str1.1
                0x000000000800a354       0x12 c:/st/stm32cubeide_1.8.0/stm32cubeide/plugins/com.st.stm32cube.ide.mcu.externaltools.gnu-tools-for-stm32.10.3-2021.10.win32_1.0.200.202301161003/tools/bin/../lib/gcc/arm-none-eabi/10.3.1/../../../../arm-none-eabi/lib/thumb/v7-m/nofp\libc_nano.a(lib_a-nano-vfscanf_i.o)
 .rodata._ctype_
                0x000000000800a366      0x101 c:/st/stm32cubeide_1.8.0/stm32cubeide/plugins/com.st.stm32cube.ide.mcu.externaltools.gnu-tools-for-stm32.10.3-2021.10.win32_1.0.200.202301161003/tools/bin/../lib/gcc/arm-none-eabi/10.3.1/../../../../arm-none-eabi/lib/thumb/v7-m/nofp\libc_nano.a(lib_a-ctype_.o)
                0x000000000800a366                _ctype_
 *fill*         0x000000000800a467        0x1 
 .rodata.__sf_fake_stderr
                0x000000000800a468       0x20 c:/st/stm32cubeide_1.8.0/stm32cubeide/plugins/com.st.stm32cube.ide.mcu.externaltools.gnu-tools-for-stm32.10.3-2021.10.win32_1.0.200.202301161003/tools/bin/../lib/gcc/arm-none-eabi/10.3.1/../../../../arm-none-eabi/lib/thumb/v7-m/nofp\libc_nano.a(lib_a-findfp.o)
                0x000000000800a468                __sf_fake_stderr
 .rodata.__sf_fake_stdin
                0x000000000800a488       0x20 c:/st/stm32cubeide_1.8.0/stm32cubeide/plugins/com.st.stm32cube.ide.mcu.externaltools.gnu-tools-for-stm32.10.3-2021.10.win32_1.0.200.202301161003/tools/bin/../lib/gcc/arm-none-eabi/10.3.1/../../../../arm-none-eabi/lib/thumb/v7-m/nofp\libc_nano.a(lib_a-findfp.o)
                0x000000000800a488                __sf_fake_stdin
 .rodata.__sf_fake_stdout
                0x000000000800a4a8       0x20 c:/st/stm32cubeide_1.8.0/stm32cubeide/plugins/com.st.stm32cube.ide.mcu.externaltools.gnu-tools-for-stm32.10.3-2021.10.win32_1.0.200.202301161003/tools/bin/../lib/gcc/arm-none-eabi/10.3.1/../../../../arm-none-eabi/lib/thumb/v7-m/nofp\libc_nano.a(lib_a-findfp.o)
                0x000000000800a4a8                __sf_fake_stdout
                0x000000000800a4c8                . = ALIGN (0x4)

.rel.dyn        0x000000000800a4c8        0x0
 .rel.iplt      0x000000000800a4c8        0x0 c:/st/stm32cubeide_1.8.0/stm32cubeide/plugins/com.st.stm32cube.ide.mcu.externaltools.gnu-tools-for-stm32.10.3-2021.10.win32_1.0.200.202301161003/tools/bin/../lib/gcc/arm-none-eabi/10.3.1/thumb/v7-m/nofp/crtbegin.o

.ARM.extab      0x000000000800a4c8        0x0
                0x000000000800a4c8                . = ALIGN (0x4)
 *(.ARM.extab* .gnu.linkonce.armextab.*)
                0x000000000800a4c8                . = ALIGN (0x4)

.ARM            0x000000000800a4c8        0x0
                0x000000000800a4c8                . = ALIGN (0x4)
                0x000000000800a4c8                __exidx_start = .
 *(.ARM.exidx*)
                0x000000000800a4c8                __exidx_end = .
                0x000000000800a4c8                . = ALIGN (0x4)

.preinit_array  0x000000000800a4c8        0x0
                0x000000000800a4c8                . = ALIGN (0x4)
                0x000000000800a4c8                PROVIDE (__preinit_array_start = .)
 *(.preinit_array*)
                0x000000000800a4c8                PROVIDE (__preinit_array_end = .)
                0x000000000800a4c8                . = ALIGN (0x4)

.init_array     0x000000000800a4c8        0x4
                0x000000000800a4c8                . = ALIGN (0x4)
                0x000000000800a4c8                PROVIDE (__init_array_start = .)
 *(SORT_BY_NAME(.init_array.*))
 *(.init_array*)
 .init_array    0x000000000800a4c8        0x4 c:/st/stm32cubeide_1.8.0/stm32cubeide/plugins/com.st.stm32cube.ide.mcu.externaltools.gnu-tools-for-stm32.10.3-2021.10.win32_1.0.200.202301161003/tools/bin/../lib/gcc/arm-none-eabi/10.3.1/thumb/v7-m/nofp/crtbegin.o
                0x000000000800a4cc                PROVIDE (__init_array_end = .)
                0x000000000800a4cc                . = ALIGN (0x4)

.fini_array     0x000000000800a4cc        0x4
                0x000000000800a4cc                . = ALIGN (0x4)
                [!provide]                        PROVIDE (__fini_array_start = .)
 *(SORT_BY_NAME(.fini_array.*))
 *(.fini_array*)
 .fini_array    0x000000000800a4cc        0x4 c:/st/stm32cubeide_1.8.0/stm32cubeide/plugins/com.st.stm32cube.ide.mcu.externaltools.gnu-tools-for-stm32.10.3-2021.10.win32_1.0.200.202301161003/tools/bin/../lib/gcc/arm-none-eabi/10.3.1/thumb/v7-m/nofp/crtbegin.o
                [!provide]                        PROVIDE (__fini_array_end = .)
                0x000000000800a4d0                . = ALIGN (0x4)
                0x000000000800a4d0                _sidata = LOADADDR (.data)

.data           0x0000000020000000      0x1f8 load address 0x000000000800a4d0
                0x0000000020000000                . = ALIGN (0x4)
                0x0000000020000000                _sdata = .
 *(.data)
 *(.data*)
 .data.Stat     0x0000000020000000        0x1 ./Core/Src/fatfs_sd.o
 *fill*         0x0000000020000001        0x3 
 .data.SystemCoreClock
                0x0000000020000004        0x4 ./Core/Src/system_stm32f1xx.o
                0x0000000020000004                SystemCoreClock
 .data.uwTickFreq
                0x0000000020000008        0x1 ./Drivers/STM32F1xx_HAL_Driver/Src/stm32f1xx_hal.o
                0x0000000020000008                uwTickFreq
 *fill*         0x0000000020000009        0x3 
 .data.uwTickPrio
                0x000000002000000c        0x4 ./Drivers/STM32F1xx_HAL_Driver/Src/stm32f1xx_hal.o
                0x000000002000000c                uwTickPrio
 .data.USER_Driver
                0x0000000020000010       0x14 ./FATFS/Target/user_diskio.o
                0x0000000020000010                USER_Driver
 .data.USBD_CDC
                0x0000000020000024       0x38 ./Middlewares/ST/STM32_USB_Device_Library/Class/CDC/Src/usbd_cdc.o
                0x0000000020000024                USBD_CDC
 .data.USBD_CDC_CfgFSDesc
                0x000000002000005c       0x43 ./Middlewares/ST/STM32_USB_Device_Library/Class/CDC/Src/usbd_cdc.o
                0x000000002000005c                USBD_CDC_CfgFSDesc
 *fill*         0x000000002000009f        0x1 
 .data.USBD_CDC_CfgHSDesc
                0x00000000200000a0       0x43 ./Middlewares/ST/STM32_USB_Device_Library/Class/CDC/Src/usbd_cdc.o
                0x00000000200000a0                USBD_CDC_CfgHSDesc
 *fill*         0x00000000200000e3        0x1 
 .data.USBD_CDC_DeviceQualifierDesc
                0x00000000200000e4        0xa ./Middlewares/ST/STM32_USB_Device_Library/Class/CDC/Src/usbd_cdc.o
 *fill*         0x00000000200000ee        0x2 
 .data.USBD_CDC_OtherSpeedCfgDesc
                0x00000000200000f0       0x43 ./Middlewares/ST/STM32_USB_Device_Library/Class/CDC/Src/usbd_cdc.o
                0x00000000200000f0                USBD_CDC_OtherSpeedCfgDesc
 *fill*         0x0000000020000133        0x1 
 .data.USBD_Interface_fops_FS
                0x0000000020000134       0x10 ./USB_DEVICE/App/usbd_cdc_if.o
                0x0000000020000134                USBD_Interface_fops_FS
 .data.FS_Desc  0x0000000020000144       0x1c ./USB_DEVICE/App/usbd_desc.o
                0x0000000020000144                FS_Desc
 .data.USBD_FS_DeviceDesc
                0x0000000020000160       0x12 ./USB_DEVICE/App/usbd_desc.o
                0x0000000020000160                USBD_FS_DeviceDesc
 *fill*         0x0000000020000172        0x2 
 .data.USBD_LangIDDesc
                0x0000000020000174        0x4 ./USB_DEVICE/App/usbd_desc.o
                0x0000000020000174                USBD_LangIDDesc
 .data.USBD_StringSerial
                0x0000000020000178       0x1a ./USB_DEVICE/App/usbd_desc.o
                0x0000000020000178                USBD_StringSerial
 *fill*         0x0000000020000192        0x2 
 .data._impure_ptr
                0x0000000020000194        0x4 c:/st/stm32cubeide_1.8.0/stm32cubeide/plugins/com.st.stm32cube.ide.mcu.externaltools.gnu-tools-for-stm32.10.3-2021.10.win32_1.0.200.202301161003/tools/bin/../lib/gcc/arm-none-eabi/10.3.1/../../../../arm-none-eabi/lib/thumb/v7-m/nofp\libc_nano.a(lib_a-impure.o)
                0x0000000020000194                _impure_ptr
 .data.impure_data
                0x0000000020000198       0x60 c:/st/stm32cubeide_1.8.0/stm32cubeide/plugins/com.st.stm32cube.ide.mcu.externaltools.gnu-tools-for-stm32.10.3-2021.10.win32_1.0.200.202301161003/tools/bin/../lib/gcc/arm-none-eabi/10.3.1/../../../../arm-none-eabi/lib/thumb/v7-m/nofp\libc_nano.a(lib_a-impure.o)
 *(.RamFunc)
 *(.RamFunc*)
                0x00000000200001f8                . = ALIGN (0x4)
                0x00000000200001f8                _edata = .

.igot.plt       0x00000000200001f8        0x0 load address 0x000000000800a6c8
 .igot.plt      0x00000000200001f8        0x0 c:/st/stm32cubeide_1.8.0/stm32cubeide/plugins/com.st.stm32cube.ide.mcu.externaltools.gnu-tools-for-stm32.10.3-2021.10.win32_1.0.200.202301161003/tools/bin/../lib/gcc/arm-none-eabi/10.3.1/thumb/v7-m/nofp/crtbegin.o
                0x00000000200001f8                . = ALIGN (0x4)

.bss            0x00000000200001f8     0x38a4 load address 0x000000000800a6c8
                0x00000000200001f8                _sbss = .
                0x00000000200001f8                __bss_start__ = _sbss
 *(.bss)
 .bss           0x00000000200001f8       0x1c c:/st/stm32cubeide_1.8.0/stm32cubeide/plugins/com.st.stm32cube.ide.mcu.externaltools.gnu-tools-for-stm32.10.3-2021.10.win32_1.0.200.202301161003/tools/bin/../lib/gcc/arm-none-eabi/10.3.1/thumb/v7-m/nofp/crtbegin.o
 *(.bss*)
 .bss.CardType  0x0000000020000214        0x1 ./Core/Src/fatfs_sd.o
 .bss.PowerFlag
                0x0000000020000215        0x1 ./Core/Src/fatfs_sd.o
 .bss.Timer1    0x0000000020000216        0x2 ./Core/Src/fatfs_sd.o
                0x0000000020000216                Timer1
 .bss.Timer2    0x0000000020000218        0x2 ./Core/Src/fatfs_sd.o
                0x0000000020000218                Timer2
 *fill*         0x000000002000021a        0x2 
 .bss.DET_VALUE
                0x000000002000021c        0x4 ./Core/Src/main.o
                0x000000002000021c                DET_VALUE
 .bss.data_ready
                0x0000000020000220        0x1 ./Core/Src/main.o
                0x0000000020000220                data_ready
 *fill*         0x0000000020000221        0x3 
 .bss.fil       0x0000000020000224       0x2c ./Core/Src/main.o
                0x0000000020000224                fil
 .bss.file_name
                0x0000000020000250       0x40 ./Core/Src/main.o
                0x0000000020000250                file_name
 .bss.fs        0x0000000020000290      0x430 ./Core/Src/main.o
                0x0000000020000290                fs
 .bss.hadc1     0x00000000200006c0       0x30 ./Core/Src/main.o
                0x00000000200006c0                hadc1
 .bss.hadc2     0x00000000200006f0       0x30 ./Core/Src/main.o
                0x00000000200006f0                hadc2
 .bss.hi2c2     0x0000000020000720       0x54 ./Core/Src/main.o
                0x0000000020000720                hi2c2
 .bss.hrtc      0x0000000020000774       0x14 ./Core/Src/main.o
                0x0000000020000774                hrtc
 .bss.hspi1     0x0000000020000788       0x58 ./Core/Src/main.o
                0x0000000020000788                hspi1
 .bss.htim1     0x00000000200007e0       0x48 ./Core/Src/main.o
                0x00000000200007e0                htim1
 .bss.meas_start
                0x0000000020000828        0x1 ./Core/Src/main.o
                0x0000000020000828                meas_start
 *fill*         0x0000000020000829        0x3 
 .bss.sensor_data
                0x000000002000082c     0x2000 ./Core/Src/main.o
                0x000000002000082c                sensor_data
 .bss.sys_tick_ms
                0x000000002000282c        0x4 ./Core/Src/main.o
                0x000000002000282c                sys_tick_ms
 .bss.vcp_command
                0x0000000020002830       0x20 ./Core/Src/main.o
                0x0000000020002830                vcp_command
 .bss.vcp_data  0x0000000020002850       0x20 ./Core/Src/main.o
                0x0000000020002850                vcp_data
 .bss.__sbrk_heap_end
                0x0000000020002870        0x4 ./Core/Src/sysmem.o
 .bss.uwTick    0x0000000020002874        0x4 ./Drivers/STM32F1xx_HAL_Driver/Src/stm32f1xx_hal.o
                0x0000000020002874                uwTick
 .bss.USERPath  0x0000000020002878        0x4 ./FATFS/App/fatfs.o
                0x0000000020002878                USERPath
 .bss.retUSER   0x000000002000287c        0x1 ./FATFS/App/fatfs.o
                0x000000002000287c                retUSER
 .bss.cfgidx.0  0x000000002000287d        0x1 ./Middlewares/ST/STM32_USB_Device_Library/Core/Src/usbd_ctlreq.o
 *fill*         0x000000002000287e        0x2 
 .bss.FatFs     0x0000000020002880        0x4 ./Middlewares/Third_Party/FatFs/src/ff.o
 .bss.Files     0x0000000020002884       0x18 ./Middlewares/Third_Party/FatFs/src/ff.o
 .bss.Fsid      0x000000002000289c        0x2 ./Middlewares/Third_Party/FatFs/src/ff.o
 *fill*         0x000000002000289e        0x2 
 .bss.LfnBuf    0x00000000200028a0      0x200 ./Middlewares/Third_Party/FatFs/src/ff.o
 .bss.disk      0x0000000020002aa0        0xc ./Middlewares/Third_Party/FatFs/src/ff_gen_drv.o
                0x0000000020002aa0                disk
 .bss.hUsbDeviceFS
                0x0000000020002aac      0x2c4 ./USB_DEVICE/App/usb_device.o
                0x0000000020002aac                hUsbDeviceFS
 .bss.UserRxBufferFS
                0x0000000020002d70      0x3e8 ./USB_DEVICE/App/usbd_cdc_if.o
                0x0000000020002d70                UserRxBufferFS
 .bss.UserTxBufferFS
                0x0000000020003158      0x3e8 ./USB_DEVICE/App/usbd_cdc_if.o
                0x0000000020003158                UserTxBufferFS
 .bss.USBD_StrDesc
                0x0000000020003540       0x40 ./USB_DEVICE/App/usbd_desc.o
                0x0000000020003540                USBD_StrDesc
 .bss.hpcd_USB_FS
                0x0000000020003580      0x2ec ./USB_DEVICE/Target/usbd_conf.o
                0x0000000020003580                hpcd_USB_FS
 .bss.mem.0     0x000000002000386c      0x220 ./USB_DEVICE/Target/usbd_conf.o
 .bss.errno     0x0000000020003a8c        0x4 c:/st/stm32cubeide_1.8.0/stm32cubeide/plugins/com.st.stm32cube.ide.mcu.externaltools.gnu-tools-for-stm32.10.3-2021.10.win32_1.0.200.202301161003/tools/bin/../lib/gcc/arm-none-eabi/10.3.1/../../../../arm-none-eabi/lib/thumb/v7-m/nofp\libc_nano.a(lib_a-reent.o)
                0x0000000020003a8c                errno
 .bss.__lock___malloc_recursive_mutex
                0x0000000020003a90        0x1 c:/st/stm32cubeide_1.8.0/stm32cubeide/plugins/com.st.stm32cube.ide.mcu.externaltools.gnu-tools-for-stm32.10.3-2021.10.win32_1.0.200.202301161003/tools/bin/../lib/gcc/arm-none-eabi/10.3.1/../../../../arm-none-eabi/lib/thumb/v7-m/nofp\libc_nano.a(lib_a-lock.o)
                0x0000000020003a90                __lock___malloc_recursive_mutex
 *fill*         0x0000000020003a91        0x3 
 .bss.__malloc_free_list
                0x0000000020003a94        0x4 c:/st/stm32cubeide_1.8.0/stm32cubeide/plugins/com.st.stm32cube.ide.mcu.externaltools.gnu-tools-for-stm32.10.3-2021.10.win32_1.0.200.202301161003/tools/bin/../lib/gcc/arm-none-eabi/10.3.1/../../../../arm-none-eabi/lib/thumb/v7-m/nofp\libc_nano.a(lib_a-nano-mallocr.o)
                0x0000000020003a94                __malloc_free_list
 .bss.__malloc_sbrk_start
                0x0000000020003a98        0x4 c:/st/stm32cubeide_1.8.0/stm32cubeide/plugins/com.st.stm32cube.ide.mcu.externaltools.gnu-tools-for-stm32.10.3-2021.10.win32_1.0.200.202301161003/tools/bin/../lib/gcc/arm-none-eabi/10.3.1/../../../../arm-none-eabi/lib/thumb/v7-m/nofp\libc_nano.a(lib_a-nano-mallocr.o)
                0x0000000020003a98                __malloc_sbrk_start
 *(COMMON)
                0x0000000020003a9c                . = ALIGN (0x4)
                0x0000000020003a9c                _ebss = .
                0x0000000020003a9c                __bss_end__ = _ebss

._user_heap_stack
                0x0000000020003a9c      0x604 load address 0x000000000800a6c8
                0x0000000020003aa0                . = ALIGN (0x8)
 *fill*         0x0000000020003a9c        0x4 
                [!provide]                        PROVIDE (end = .)
                0x0000000020003aa0                PROVIDE (_end = .)
                0x0000000020003ca0                . = (. + _Min_Heap_Size)
 *fill*         0x0000000020003aa0      0x200 
                0x00000000200040a0                . = (. + _Min_Stack_Size)
 *fill*         0x0000000020003ca0      0x400 
                0x00000000200040a0                . = ALIGN (0x8)

/DISCARD/
 libc.a(*)
 libm.a(*)
 libgcc.a(*)

.ARM.attributes
                0x0000000000000000       0x29
 *(.ARM.attributes)
 .ARM.attributes
                0x0000000000000000       0x1d c:/st/stm32cubeide_1.8.0/stm32cubeide/plugins/com.st.stm32cube.ide.mcu.externaltools.gnu-tools-for-stm32.10.3-2021.10.win32_1.0.200.202301161003/tools/bin/../lib/gcc/arm-none-eabi/10.3.1/thumb/v7-m/nofp/crti.o
 .ARM.attributes
                0x000000000000001d       0x2d c:/st/stm32cubeide_1.8.0/stm32cubeide/plugins/com.st.stm32cube.ide.mcu.externaltools.gnu-tools-for-stm32.10.3-2021.10.win32_1.0.200.202301161003/tools/bin/../lib/gcc/arm-none-eabi/10.3.1/thumb/v7-m/nofp/crtbegin.o
 .ARM.attributes
                0x000000000000004a       0x2d ./Core/Src/fatfs_sd.o
 .ARM.attributes
                0x0000000000000077       0x2d ./Core/Src/main.o
 .ARM.attributes
                0x00000000000000a4       0x2d ./Core/Src/stm32f1xx_hal_msp.o
 .ARM.attributes
                0x00000000000000d1       0x2d ./Core/Src/stm32f1xx_it.o
 .ARM.attributes
                0x00000000000000fe       0x2d ./Core/Src/sysmem.o
 .ARM.attributes
                0x000000000000012b       0x2d ./Core/Src/system_stm32f1xx.o
 .ARM.attributes
                0x0000000000000158       0x21 ./Core/Startup/startup_stm32f103c8tx.o
 .ARM.attributes
                0x0000000000000179       0x2d ./Drivers/STM32F1xx_HAL_Driver/Src/stm32f1xx_hal.o
 .ARM.attributes
                0x00000000000001a6       0x2d ./Drivers/STM32F1xx_HAL_Driver/Src/stm32f1xx_hal_adc.o
 .ARM.attributes
                0x00000000000001d3       0x2d ./Drivers/STM32F1xx_HAL_Driver/Src/stm32f1xx_hal_adc_ex.o
 .ARM.attributes
                0x0000000000000200       0x2d ./Drivers/STM32F1xx_HAL_Driver/Src/stm32f1xx_hal_cortex.o
 .ARM.attributes
                0x000000000000022d       0x2d ./Drivers/STM32F1xx_HAL_Driver/Src/stm32f1xx_hal_gpio.o
 .ARM.attributes
                0x000000000000025a       0x2d ./Drivers/STM32F1xx_HAL_Driver/Src/stm32f1xx_hal_i2c.o
 .ARM.attributes
                0x0000000000000287       0x2d ./Drivers/STM32F1xx_HAL_Driver/Src/stm32f1xx_hal_pcd.o
 .ARM.attributes
                0x00000000000002b4       0x2d ./Drivers/STM32F1xx_HAL_Driver/Src/stm32f1xx_hal_pcd_ex.o
 .ARM.attributes
                0x00000000000002e1       0x2d ./Drivers/STM32F1xx_HAL_Driver/Src/stm32f1xx_hal_pwr.o
 .ARM.attributes
                0x000000000000030e       0x2d ./Drivers/STM32F1xx_HAL_Driver/Src/stm32f1xx_hal_rcc.o
 .ARM.attributes
                0x000000000000033b       0x2d ./Drivers/STM32F1xx_HAL_Driver/Src/stm32f1xx_hal_rcc_ex.o
 .ARM.attributes
                0x0000000000000368       0x2d ./Drivers/STM32F1xx_HAL_Driver/Src/stm32f1xx_hal_rtc.o
 .ARM.attributes
                0x0000000000000395       0x2d ./Drivers/STM32F1xx_HAL_Driver/Src/stm32f1xx_hal_spi.o
 .ARM.attributes
                0x00000000000003c2       0x2d ./Drivers/STM32F1xx_HAL_Driver/Src/stm32f1xx_hal_tim.o
 .ARM.attributes
                0x00000000000003ef       0x2d ./Drivers/STM32F1xx_HAL_Driver/Src/stm32f1xx_hal_tim_ex.o
 .ARM.attributes
                0x000000000000041c       0x2d ./Drivers/STM32F1xx_HAL_Driver/Src/stm32f1xx_ll_usb.o
 .ARM.attributes
                0x0000000000000449       0x2d ./FATFS/App/fatfs.o
 .ARM.attributes
                0x0000000000000476       0x2d ./FATFS/Target/user_diskio.o
 .ARM.attributes
                0x00000000000004a3       0x2d ./Middlewares/ST/STM32_USB_Device_Library/Class/CDC/Src/usbd_cdc.o
 .ARM.attributes
                0x00000000000004d0       0x2d ./Middlewares/ST/STM32_USB_Device_Library/Core/Src/usbd_core.o
 .ARM.attributes
                0x00000000000004fd       0x2d ./Middlewares/ST/STM32_USB_Device_Library/Core/Src/usbd_ctlreq.o
 .ARM.attributes
                0x000000000000052a       0x2d ./Middlewares/ST/STM32_USB_Device_Library/Core/Src/usbd_ioreq.o
 .ARM.attributes
                0x0000000000000557       0x2d ./Middlewares/Third_Party/FatFs/src/diskio.o
 .ARM.attributes
                0x0000000000000584       0x2d ./Middlewares/Third_Party/FatFs/src/ff.o
 .ARM.attributes
                0x00000000000005b1       0x2d ./Middlewares/Third_Party/FatFs/src/ff_gen_drv.o
 .ARM.attributes
                0x00000000000005de       0x2d ./Middlewares/Third_Party/FatFs/src/option/ccsbcs.o
 .ARM.attributes
                0x000000000000060b       0x2d ./USB_DEVICE/App/usb_device.o
 .ARM.attributes
                0x0000000000000638       0x2d ./USB_DEVICE/App/usbd_cdc_if.o
 .ARM.attributes
                0x0000000000000665       0x2d ./USB_DEVICE/App/usbd_desc.o
 .ARM.attributes
                0x0000000000000692       0x2d ./USB_DEVICE/Target/usbd_conf.o
 .ARM.attributes
                0x00000000000006bf       0x2d c:/st/stm32cubeide_1.8.0/stm32cubeide/plugins/com.st.stm32cube.ide.mcu.externaltools.gnu-tools-for-stm32.10.3-2021.10.win32_1.0.200.202301161003/tools/bin/../lib/gcc/arm-none-eabi/10.3.1/../../../../arm-none-eabi/lib/thumb/v7-m/nofp\libc_nano.a(lib_a-errno.o)
 .ARM.attributes
                0x00000000000006ec       0x2d c:/st/stm32cubeide_1.8.0/stm32cubeide/plugins/com.st.stm32cube.ide.mcu.externaltools.gnu-tools-for-stm32.10.3-2021.10.win32_1.0.200.202301161003/tools/bin/../lib/gcc/arm-none-eabi/10.3.1/../../../../arm-none-eabi/lib/thumb/v7-m/nofp\libc_nano.a(lib_a-impure.o)
 .ARM.attributes
                0x0000000000000719       0x2d c:/st/stm32cubeide_1.8.0/stm32cubeide/plugins/com.st.stm32cube.ide.mcu.externaltools.gnu-tools-for-stm32.10.3-2021.10.win32_1.0.200.202301161003/tools/bin/../lib/gcc/arm-none-eabi/10.3.1/../../../../arm-none-eabi/lib/thumb/v7-m/nofp\libc_nano.a(lib_a-init.o)
 .ARM.attributes
                0x0000000000000746       0x2d c:/st/stm32cubeide_1.8.0/stm32cubeide/plugins/com.st.stm32cube.ide.mcu.externaltools.gnu-tools-for-stm32.10.3-2021.10.win32_1.0.200.202301161003/tools/bin/../lib/gcc/arm-none-eabi/10.3.1/../../../../arm-none-eabi/lib/thumb/v7-m/nofp\libc_nano.a(lib_a-memset.o)
 .ARM.attributes
                0x0000000000000773       0x2d c:/st/stm32cubeide_1.8.0/stm32cubeide/plugins/com.st.stm32cube.ide.mcu.externaltools.gnu-tools-for-stm32.10.3-2021.10.win32_1.0.200.202301161003/tools/bin/../lib/gcc/arm-none-eabi/10.3.1/../../../../arm-none-eabi/lib/thumb/v7-m/nofp\libc_nano.a(lib_a-sprintf.o)
 .ARM.attributes
                0x00000000000007a0       0x2d c:/st/stm32cubeide_1.8.0/stm32cubeide/plugins/com.st.stm32cube.ide.mcu.externaltools.gnu-tools-for-stm32.10.3-2021.10.win32_1.0.200.202301161003/tools/bin/../lib/gcc/arm-none-eabi/10.3.1/../../../../arm-none-eabi/lib/thumb/v7-m/nofp\libc_nano.a(lib_a-sscanf.o)
 .ARM.attributes
                0x00000000000007cd       0x2d c:/st/stm32cubeide_1.8.0/stm32cubeide/plugins/com.st.stm32cube.ide.mcu.externaltools.gnu-tools-for-stm32.10.3-2021.10.win32_1.0.200.202301161003/tools/bin/../lib/gcc/arm-none-eabi/10.3.1/../../../../arm-none-eabi/lib/thumb/v7-m/nofp\libc_nano.a(lib_a-stdio.o)
 .ARM.attributes
                0x00000000000007fa       0x1b c:/st/stm32cubeide_1.8.0/stm32cubeide/plugins/com.st.stm32cube.ide.mcu.externaltools.gnu-tools-for-stm32.10.3-2021.10.win32_1.0.200.202301161003/tools/bin/../lib/gcc/arm-none-eabi/10.3.1/../../../../arm-none-eabi/lib/thumb/v7-m/nofp\libc_nano.a(lib_a-strcmp.o)
 .ARM.attributes
                0x0000000000000815       0x17 c:/st/stm32cubeide_1.8.0/stm32cubeide/plugins/com.st.stm32cube.ide.mcu.externaltools.gnu-tools-for-stm32.10.3-2021.10.win32_1.0.200.202301161003/tools/bin/../lib/gcc/arm-none-eabi/10.3.1/../../../../arm-none-eabi/lib/thumb/v7-m/nofp\libc_nano.a(lib_a-strlen.o)
 .ARM.attributes
                0x000000000000082c       0x2d c:/st/stm32cubeide_1.8.0/stm32cubeide/plugins/com.st.stm32cube.ide.mcu.externaltools.gnu-tools-for-stm32.10.3-2021.10.win32_1.0.200.202301161003/tools/bin/../lib/gcc/arm-none-eabi/10.3.1/../../../../arm-none-eabi/lib/thumb/v7-m/nofp\libc_nano.a(lib_a-nano-svfprintf.o)
 .ARM.attributes
                0x0000000000000859       0x2d c:/st/stm32cubeide_1.8.0/stm32cubeide/plugins/com.st.stm32cube.ide.mcu.externaltools.gnu-tools-for-stm32.10.3-2021.10.win32_1.0.200.202301161003/tools/bin/../lib/gcc/arm-none-eabi/10.3.1/../../../../arm-none-eabi/lib/thumb/v7-m/nofp\libc_nano.a(lib_a-nano-svfscanf.o)
 .ARM.attributes
                0x0000000000000886       0x2d c:/st/stm32cubeide_1.8.0/stm32cubeide/plugins/com.st.stm32cube.ide.mcu.externaltools.gnu-tools-for-stm32.10.3-2021.10.win32_1.0.200.202301161003/tools/bin/../lib/gcc/arm-none-eabi/10.3.1/../../../../arm-none-eabi/lib/thumb/v7-m/nofp\libc_nano.a(lib_a-nano-vfprintf_i.o)
 .ARM.attributes