../Core/Src/stm32f1xx_hal_msp.c:63:6:HAL_MspInit	8	static
../Core/Src/stm32f1xx_hal_msp.c:89:6:HAL_ADC_MspInit	48	static
../Core/Src/stm32f1xx_hal_msp.c:143:6:HAL_ADC_MspDeInit	0	static
../Core/Src/stm32f1xx_hal_msp.c:190:6:HAL_I2C_MspInit	40	static
../Core/Src/stm32f1xx_hal_msp.c:224:6:HAL_I2C_MspDeInit	8	static
../Core/Src/stm32f1xx_hal_msp.c:255:6:HAL_RTC_MspInit	16	static
../Core/Src/stm32f1xx_hal_msp.c:280:6:HAL_RTC_MspDeInit	0	static
../Core/Src/stm32f1xx_hal_msp.c:302:6:HAL_SPI_MspInit	40	static
../Core/Src/stm32f1xx_hal_msp.c:344:6:HAL_SPI_MspDeInit	0	static
../Core/Src/stm32f1xx_hal_msp.c:374:6:HAL_TIM_Base_MspInit	8	static
../Core/Src/stm32f1xx_hal_msp.c:396:6:HAL_TIM_Base_MspDeInit	0	static
