../Drivers/STM32F1xx_HAL_Driver/Src/stm32f1xx_hal_rtc.c:1916:16:RTC_WeekDayNum	4	static
../Drivers/STM32F1xx_HAL_Driver/Src/stm32f1xx_hal_rtc.c:1668:26:RTC_WriteAlarmCounter	16	static
../Drivers/STM32F1xx_HAL_Driver/Src/stm32f1xx_hal_rtc.c:802:19:HAL_RTC_GetTime.part.0	40	static
../Drivers/STM32F1xx_HAL_Driver/Src/stm32f1xx_hal_rtc.c:650:13:HAL_RTC_MspInit	0	static
../Drivers/STM32F1xx_HAL_Driver/Src/stm32f1xx_hal_rtc.c:275:19:HAL_RTC_Init	16	static
../Drivers/STM32F1xx_HAL_Driver/Src/stm32f1xx_hal_rtc.c:665:13:HAL_RTC_MspDeInit	0	static
../Drivers/STM32F1xx_HAL_Driver/Src/stm32f1xx_hal_rtc.c:411:19:HAL_RTC_DeInit	16	static
../Drivers/STM32F1xx_HAL_Driver/Src/stm32f1xx_hal_rtc.c:703:19:HAL_RTC_SetTime	16	static
../Drivers/STM32F1xx_HAL_Driver/Src/stm32f1xx_hal_rtc.c:802:19:HAL_RTC_GetTime	4	static
../Drivers/STM32F1xx_HAL_Driver/Src/stm32f1xx_hal_rtc.c:913:19:HAL_RTC_SetDate	16	static
../Drivers/STM32F1xx_HAL_Driver/Src/stm32f1xx_hal_rtc.c:1027:19:HAL_RTC_GetDate	32	static
../Drivers/STM32F1xx_HAL_Driver/Src/stm32f1xx_hal_rtc.c:1092:19:HAL_RTC_SetAlarm	24	static
../Drivers/STM32F1xx_HAL_Driver/Src/stm32f1xx_hal_rtc.c:1184:19:HAL_RTC_SetAlarm_IT	24	static
../Drivers/STM32F1xx_HAL_Driver/Src/stm32f1xx_hal_rtc.c:1289:19:HAL_RTC_GetAlarm	16	static
../Drivers/STM32F1xx_HAL_Driver/Src/stm32f1xx_hal_rtc.c:1334:19:HAL_RTC_DeactivateAlarm	16	static
../Drivers/STM32F1xx_HAL_Driver/Src/stm32f1xx_hal_rtc.c:1436:13:HAL_RTC_AlarmAEventCallback	0	static
../Drivers/STM32F1xx_HAL_Driver/Src/stm32f1xx_hal_rtc.c:1404:6:HAL_RTC_AlarmIRQHandler	8	static
../Drivers/STM32F1xx_HAL_Driver/Src/stm32f1xx_hal_rtc.c:1452:19:HAL_RTC_PollForAlarmAEvent	16	static
../Drivers/STM32F1xx_HAL_Driver/Src/stm32f1xx_hal_rtc.c:1507:21:HAL_RTC_GetState	0	static
../Drivers/STM32F1xx_HAL_Driver/Src/stm32f1xx_hal_rtc.c:1540:19:HAL_RTC_WaitForSynchro	16	static
